    0s STARTING | link=ONLINE age=1 | W PAUSED bat=99.2 LIVE (0.0,0.0) hops=1 | E READY (-2.0,-2.0) F READY (-2.0,2.0) | mem=0 events=[] unreach=[]
    2s EXPLORING | link=ONLINE age=1 | W PAUSED bat=99.1 LIVE (0.0,0.0) hops=1 | E READY (-2.0,-2.0) F READY (-2.0,2.0) | mem=0 events=[] unreach=[]
    4s EXPLORING | link=ONLINE age=1 | W ONLINE bat=98.9 LIVE (0.5,0.0) hops=1 | E READY (-2.0,-2.0) F READY (-2.0,2.0) | mem=1 events=[] unreach=[]
    6s EXPLORING | link=ONLINE age=1 | W ONLINE bat=98.7 LIVE (1.2,0.0) hops=1 | E READY (-2.0,-2.0) F READY (-2.0,2.0) | mem=1 events=[] unreach=[]
    8s EXPLORING | link=ONLINE age=1 | W ONLINE bat=98.5 LIVE (1.4,-0.1) hops=1 | E READY (-2.0,-2.0) F READY (-2.0,2.0) | mem=1 events=[] unreach=[]
   10s EXPLORING | link=ONLINE age=1 | W ONLINE bat=98.1 LIVE (2.0,-1.0) hops=1 | E READY (-2.0,-2.0) F READY (-2.0,2.0) | mem=1 events=[] unreach=[]
   12s EXPLORING | link=ONLINE age=1 | W ONLINE bat=97.7 LIVE (2.8,-1.7) hops=1 | E READY (-2.0,-2.0) F READY (-2.0,2.0) | mem=1 events=[] unreach=[]
   14s EXPLORING | link=ONLINE age=1 | W ONLINE bat=97.4 LIVE (3.8,-2.3) hops=1 | E READY (-2.0,-2.0) F READY (-2.0,2.0) | mem=1 events=[] unreach=[]
   16s EXPLORING | link=ONLINE age=1 | W ONLINE bat=97.0 LIVE (4.8,-2.8) hops=1 | E READY (-2.0,-2.0) F READY (-2.0,2.0) | mem=2 events=[(2, 1, 'STANDOFF/DEAD END')] unreach=[]
   18s EXPLORING | link=ONLINE age=1 | W ONLINE bat=96.6 LIVE (5.7,-3.4) hops=1 | E READY (-2.0,-2.0) F READY (-2.0,2.0) | mem=2 events=[(2, 1, 'STANDOFF/DEAD END')] unreach=[]
   20s EXPLORING | link=ONLINE age=1 | W ONLINE bat=96.2 LIVE (6.5,-3.9) hops=1 | E READY (-2.0,-2.0) F READY (-2.0,2.0) | mem=3 events=[(2, 1, 'STANDOFF/DEAD END')] unreach=[]
   22s EXPLORING | link=ONLINE age=1 | W ONLINE bat=96.2 LIVE (6.6,-3.9) hops=1 | E READY (-2.0,-2.0) F READY (-2.0,2.0) | mem=3 events=[(2, 1, 'STANDOFF/DEAD END')] unreach=[]
   24s EXPLORING | link=ONLINE age=1 | W ONLINE bat=96.1 LIVE (6.8,-3.9) hops=1 | E READY (-2.0,-2.0) F READY (-2.0,2.0) | mem=3 events=[(2, 1, 'STANDOFF/DEAD END')] unreach=[]
   26s EXPLORING | link=ONLINE age=1 | W ONLINE bat=95.7 LIVE (7.7,-3.5) hops=1 | E READY (-2.0,-2.0) F READY (-2.0,2.0) | mem=3 events=[(2, 1, 'STANDOFF/DEAD END')] unreach=[]
   28s EXPLORING | link=ONLINE age=1 | W ONLINE bat=95.3 LIVE (8.8,-3.1) hops=1 | E READY (-2.0,-2.0) F READY (-2.0,2.0) | mem=4 events=[(2, 1, 'STANDOFF/DEAD END'), (4, 1, 'STANDOFF/CORRIDOR')] unreach=[]
   30s EXPLORING | link=ONLINE age=1 | W ONLINE bat=94.9 LIVE (9.8,-2.8) hops=1 | E READY (-2.0,-2.0) F READY (-2.0,2.0) | mem=4 events=[(2, 1, 'STANDOFF/DEAD END'), (4, 1, 'STANDOFF/CORRIDOR')] unreach=[]
   32s EXPLORING | link=ONLINE age=1 | W ONLINE bat=94.5 LIVE (10.9,-2.5) hops=2 | E READY (-2.0,-2.0) F READY (-2.0,2.0) | mem=5 events=[(2, 1, 'STANDOFF/DEAD END'), (4, 1, 'STANDOFF/CORRIDOR'), (5, 4, 'STANDOFF/DEAD END')] unreach=[]
   34s EXPLORING | link=ONLINE age=1 | W ONLINE bat=94.1 LIVE (11.9,-2.1) hops=2 | E READY (-2.0,-2.0) F READY (-2.0,2.0) | mem=5 events=[(2, 1, 'STANDOFF/DEAD END'), (4, 1, 'STANDOFF/CORRIDOR'), (5, 4, 'STANDOFF/DEAD END')] unreach=[]
   36s EXPLORING | link=ONLINE age=1 | W ONLINE bat=94.0 LIVE (12.2,-2.0) hops=2 | E READY (-2.0,-2.0) F READY (-2.0,2.0) | mem=5 events=[(2, 1, 'STANDOFF/DEAD END'), (4, 1, 'STANDOFF/CORRIDOR'), (5, 4, 'STANDOFF/DEAD END')] unreach=[]
   38s EXPLORING | link=ONLINE age=1 | W ONLINE bat=93.9 LIVE (12.2,-2.0) hops=2 | E READY (-2.0,-2.0) F READY (-2.0,2.0) | mem=5 events=[(2, 1, 'STANDOFF/DEAD END'), (4, 1, 'STANDOFF/CORRIDOR'), (5, 4, 'STANDOFF/DEAD END')] unreach=[]
   40s EXPLORING | link=ONLINE age=1 | W ONLINE bat=93.5 LIVE (12.7,-2.8) hops=2 | E READY (-2.0,-2.0) F READY (-2.0,2.0) | mem=5 events=[(2, 1, 'STANDOFF/DEAD END'), (4, 1, 'STANDOFF/CORRIDOR'), (5, 4, 'STANDOFF/DEAD END')] unreach=[]
   42s EXPLORING | link=ONLINE age=1 | W ONLINE bat=93.2 LIVE (13.1,-3.5) hops=2 | E READY (-2.0,-2.0) F READY (-2.0,2.0) | mem=6 events=[(2, 1, 'STANDOFF/DEAD END'), (4, 1, 'STANDOFF/CORRIDOR'), (5, 4, 'STANDOFF/DEAD END')] unreach=[]
   44s EXPLORING | link=ONLINE age=1 | W ONLINE bat=92.9 LIVE (14.1,-3.9) hops=2 | E READY (-2.0,-2.0) F READY (-2.0,2.0) | mem=6 events=[(2, 1, 'STANDOFF/DEAD END'), (4, 1, 'STANDOFF/CORRIDOR'), (5, 4, 'STANDOFF/DEAD END')] unreach=[]
   46s EXPLORING | link=ONLINE age=1 | W ONLINE bat=92.5 LIVE (15.2,-3.9) hops=2 | E READY (-2.0,-2.0) F READY (-2.0,2.0) | mem=6 events=[(2, 1, 'STANDOFF/DEAD END'), (4, 1, 'STANDOFF/CORRIDOR'), (5, 4, 'STANDOFF/DEAD END')] unreach=[]
   48s EXPLORING | link=ONLINE age=1 | W ONLINE bat=92.1 LIVE (16.3,-3.8) hops=2 | E READY (-2.0,-2.0) F READY (-2.0,2.0) | mem=6 events=[(2, 1, 'STANDOFF/DEAD END'), (4, 1, 'STANDOFF/CORRIDOR'), (5, 4, 'STANDOFF/DEAD END')] unreach=[]
   50s EXPLORING | link=ONLINE age=2 | W ONLINE bat=91.7 LIVE (17.4,-3.8) hops=2 | E READY (-2.0,-2.0) F READY (-2.0,2.0) | mem=7 events=[(2, 1, 'STANDOFF/DEAD END'), (4, 1, 'STANDOFF/CORRIDOR'), (5, 4, 'STANDOFF/DEAD END')] unreach=[]
   52s EXPLORING | link=ONLINE age=2 | W ONLINE bat=91.3 LIVE (18.5,-3.8) hops=2 | E READY (-2.0,-2.0) F READY (-2.0,2.0) | mem=7 events=[(2, 1, 'STANDOFF/DEAD END'), (4, 1, 'STANDOFF/CORRIDOR'), (5, 4, 'STANDOFF/DEAD END')] unreach=[]
   54s EXPLORING | link=ONLINE age=2 | W ONLINE bat=91.2 LIVE (18.7,-3.7) hops=2 | E READY (-2.0,-2.0) F READY (-2.0,2.0) | mem=7 events=[(2, 1, 'STANDOFF/DEAD END'), (4, 1, 'STANDOFF/CORRIDOR'), (5, 4, 'STANDOFF/DEAD END')] unreach=[]
   56s EXPLORING | link=ONLINE age=2 | W ONLINE bat=90.8 LIVE (19.2,-2.9) hops=3 | E READY (-2.0,-2.0) F READY (-2.0,2.0) | mem=7 events=[(2, 1, 'STANDOFF/DEAD END'), (4, 1, 'STANDOFF/CORRIDOR'), (5, 4, 'STANDOFF/DEAD END')] unreach=[]
   58s EXPLORING | link=ONLINE age=2 | W ONLINE bat=90.5 LIVE (19.2,-1.8) hops=2 | E READY (-2.0,-2.0) F READY (-2.0,2.0) | mem=7 events=[(2, 1, 'STANDOFF/DEAD END'), (4, 1, 'STANDOFF/CORRIDOR'), (5, 4, 'STANDOFF/DEAD END')] unreach=[]
   60s EXPLORING | link=ONLINE age=2 | W ONLINE bat=90.1 LIVE (19.2,-0.7) hops=2 | E READY (-2.0,-2.0) F READY (-2.0,2.0) | mem=7 events=[(2, 1, 'STANDOFF/DEAD END'), (4, 1, 'STANDOFF/CORRIDOR'), (5, 4, 'STANDOFF/DEAD END')] unreach=[]
   62s EXPLORING | link=ONLINE age=3 | W ONLINE bat=89.9 LIVE (19.2,-0.2) hops=2 | E READY (-2.0,-2.0) F READY (-2.0,2.0) | mem=7 events=[(2, 1, 'STANDOFF/DEAD END'), (4, 1, 'STANDOFF/CORRIDOR'), (5, 4, 'STANDOFF/DEAD END')] unreach=[]
   64s EXPLORING | link=ONLINE age=5 | W ONLINE bat=89.9 LIVE (19.2,-0.2) hops=2 | E READY (-2.0,-2.0) F READY (-2.0,2.0) | mem=7 events=[(2, 1, 'STANDOFF/DEAD END'), (4, 1, 'STANDOFF/CORRIDOR'), (5, 4, 'STANDOFF/DEAD END')] unreach=[]
   66s EXPLORING | link=ONLINE age=7 | W ONLINE bat=89.9 LIVE (19.2,-0.2) hops=2 | E READY (-2.0,-2.0) F READY (-2.0,2.0) | mem=7 events=[(2, 1, 'STANDOFF/DEAD END'), (4, 1, 'STANDOFF/CORRIDOR'), (5, 4, 'STANDOFF/DEAD END')] unreach=[]
   68s EXPLORING | link=ONLINE age=9 | W ONLINE bat=89.9 LIVE (19.2,-0.2) hops=2 | E READY (-2.0,-2.0) F READY (-2.0,2.0) | mem=7 events=[(2, 1, 'STANDOFF/DEAD END'), (4, 1, 'STANDOFF/CORRIDOR'), (5, 4, 'STANDOFF/DEAD END')] unreach=[]
   70s EXPLORING | link=ONLINE age=11 | W ONLINE bat=89.9 LIVE (19.2,-0.2) hops=2 | E READY (-2.0,-2.0) F READY (-2.0,2.0) | mem=7 events=[(2, 1, 'STANDOFF/DEAD END'), (4, 1, 'STANDOFF/CORRIDOR'), (5, 4, 'STANDOFF/DEAD END')] unreach=[]
   72s EXPLORING | link=ONLINE age=13 | W ONLINE bat=89.9 LIVE (19.2,-0.2) hops=2 | E READY (-2.0,-2.0) F READY (-2.0,2.0) | mem=7 events=[(2, 1, 'STANDOFF/DEAD END'), (4, 1, 'STANDOFF/CORRIDOR'), (5, 4, 'STANDOFF/DEAD END')] unreach=[]
   74s EXPLORING | link=ONLINE age=15 | W ONLINE bat=89.9 LIVE (19.2,-0.2) hops=2 | E READY (-2.0,-2.0) F READY (-2.0,2.0) | mem=7 events=[(2, 1, 'STANDOFF/DEAD END'), (4, 1, 'STANDOFF/CORRIDOR'), (5, 4, 'STANDOFF/DEAD END')] unreach=[]
   76s EXPLORING | link=ONLINE age=17 | W ONLINE bat=89.9 LIVE (19.2,-0.2) hops=2 | E READY (-2.0,-2.0) F READY (-2.0,2.0) | mem=7 events=[(2, 1, 'STANDOFF/DEAD END'), (4, 1, 'STANDOFF/CORRIDOR'), (5, 4, 'STANDOFF/DEAD END')] unreach=[]
   78s EXPLORING | link=ONLINE age=19 | W ONLINE bat=89.9 LIVE (19.2,-0.2) hops=2 | E READY (-2.0,-2.0) F READY (-2.0,2.0) | mem=7 events=[(2, 1, 'STANDOFF/DEAD END'), (4, 1, 'STANDOFF/CORRIDOR'), (5, 4, 'STANDOFF/DEAD END')] unreach=[]
   80s EXPLORING | link=ONLINE age=21 | W ONLINE bat=89.9 LIVE (19.2,-0.2) hops=2 | E READY (-2.0,-2.0) F READY (-2.0,2.0) | mem=7 events=[(2, 1, 'STANDOFF/DEAD END'), (4, 1, 'STANDOFF/CORRIDOR'), (5, 4, 'STANDOFF/DEAD END')] unreach=[]
   82s EXPLORING | link=ONLINE age=2 | W ONLINE bat=87.2 LIVE (13.7,0.1) hops=2 | E READY (-2.0,-2.0) F READY (-2.0,2.0) | mem=9 events=[(2, 1, 'STANDOFF/DEAD END'), (4, 1, 'STANDOFF/CORRIDOR'), (5, 4, 'STANDOFF/DEAD END'), (8, 3, 'STANDOFF')] unreach=[]
   84s EXPLORING | link=ONLINE age=2 | W ONLINE bat=87.1 LIVE (13.7,0.1) hops=2 | E READY (-2.0,-2.0) F READY (-2.0,2.0) | mem=9 events=[(2, 1, 'STANDOFF/DEAD END'), (4, 1, 'STANDOFF/CORRIDOR'), (5, 4, 'STANDOFF/DEAD END'), (8, 3, 'STANDOFF')] unreach=[]
   86s EXPLORING | link=ONLINE age=2 | W ONLINE bat=87.0 LIVE (13.7,0.1) hops=2 | E READY (-2.0,-2.0) F READY (-2.0,2.0) | mem=9 events=[(2, 1, 'STANDOFF/DEAD END'), (4, 1, 'STANDOFF/CORRIDOR'), (5, 4, 'STANDOFF/DEAD END'), (8, 3, 'STANDOFF')] unreach=[]
   90s EXPLORING | link=ONLINE age=2 | W ONLINE bat=86.6 LIVE (12.7,0.2) hops=2 | E READY (-2.0,-2.0) F READY (-2.0,2.0) | mem=10 events=[(2, 1, 'STANDOFF/DEAD END'), (4, 1, 'STANDOFF/CORRIDOR'), (5, 4, 'STANDOFF/DEAD END'), (8, 3, 'STANDOFF')] unreach=[]
   92s EXPLORING | link=ONLINE age=2 | W ONLINE bat=86.2 LIVE (11.6,0.2) hops=2 | E READY (-2.0,-2.0) F READY (-2.0,2.0) | mem=10 events=[(2, 1, 'STANDOFF/DEAD END'), (4, 1, 'STANDOFF/CORRIDOR'), (5, 4, 'STANDOFF/DEAD END'), (8, 3, 'STANDOFF')] unreach=[]
   94s EXPLORING | link=ONLINE age=2 | W ONLINE bat=85.8 LIVE (10.5,0.2) hops=2 | E READY (-2.0,-2.0) F READY (-2.0,2.0) | mem=11 events=[(2, 1, 'STANDOFF/DEAD END'), (4, 1, 'STANDOFF/CORRIDOR'), (5, 4, 'STANDOFF/DEAD END'), (8, 3, 'STANDOFF')] unreach=[]
   96s EXPLORING | link=ONLINE age=2 | W ONLINE bat=85.4 LIVE (9.4,0.2) hops=2 | E READY (-2.0,-2.0) F READY (-2.0,2.0) | mem=11 events=[(2, 1, 'STANDOFF/DEAD END'), (4, 1, 'STANDOFF/CORRIDOR'), (5, 4, 'STANDOFF/DEAD END'), (8, 3, 'STANDOFF')] unreach=[]
   98s EXPLORING | link=ONLINE age=2 | W ONLINE bat=85.0 LIVE (8.3,0.2) hops=2 | E READY (-2.0,-2.0) F READY (-2.0,2.0) | mem=11 events=[(2, 1, 'STANDOFF/DEAD END'), (4, 1, 'STANDOFF/CORRIDOR'), (5, 4, 'STANDOFF/DEAD END'), (8, 3, 'STANDOFF')] unreach=[]
  100s EXPLORING | link=ONLINE age=2 | W ONLINE bat=84.6 LIVE (7.2,0.2) hops=2 | E READY (-2.0,-2.0) F READY (-2.0,2.0) | mem=11 events=[(2, 1, 'STANDOFF/DEAD END'), (4, 1, 'STANDOFF/CORRIDOR'), (5, 4, 'STANDOFF/DEAD END'), (8, 3, 'STANDOFF')] unreach=[]
  102s EXPLORING | link=ONLINE age=3 | W ONLINE bat=84.4 LIVE (6.6,0.2) hops=2 | E READY (-2.0,-2.0) F READY (-2.0,2.0) | mem=11 events=[(2, 1, 'STANDOFF/DEAD END'), (4, 1, 'STANDOFF/CORRIDOR'), (5, 4, 'STANDOFF/DEAD END'), (8, 3, 'STANDOFF')] unreach=[]
  104s EXPLORING | link=ONLINE age=2 | W ONLINE bat=83.9 LIVE (5.0,0.3) hops=2 | E READY (-2.0,-2.0) F READY (-2.0,2.0) | mem=11 events=[(2, 1, 'STANDOFF/DEAD END'), (4, 1, 'STANDOFF/CORRIDOR'), (5, 4, 'STANDOFF/DEAD END'), (8, 3, 'STANDOFF')] unreach=[]
  106s EXPLORING | link=ONLINE age=2 | W ONLINE bat=83.5 LIVE (4.3,1.0) hops=2 | E READY (-2.0,-2.0) F READY (-2.0,2.0) | mem=11 events=[(2, 1, 'STANDOFF/DEAD END'), (4, 1, 'STANDOFF/CORRIDOR'), (5, 4, 'STANDOFF/DEAD END'), (8, 3, 'STANDOFF')] unreach=[]
  108s EXPLORING | link=ONLINE age=2 | W ONLINE bat=83.2 LIVE (4.5,1.8) hops=2 | E READY (-2.0,-2.0) F READY (-2.0,2.0) | mem=11 events=[(2, 1, 'STANDOFF/DEAD END'), (4, 1, 'STANDOFF/CORRIDOR'), (5, 4, 'STANDOFF/DEAD END'), (8, 3, 'STANDOFF')] unreach=[]
  110s EXPLORING | link=ONLINE age=2 | W ONLINE bat=82.8 LIVE (5.2,2.7) hops=2 | E READY (-2.0,-2.0) F READY (-2.0,2.0) | mem=11 events=[(2, 1, 'STANDOFF/DEAD END'), (4, 1, 'STANDOFF/CORRIDOR'), (5, 4, 'STANDOFF/DEAD END'), (8, 3, 'STANDOFF')] unreach=[]
  112s EXPLORING | link=ONLINE age=2 | W ONLINE bat=82.4 LIVE (5.9,3.4) hops=3 | E READY (-2.0,-2.0) F READY (-2.0,2.0) | mem=12 events=[(2, 1, 'STANDOFF/DEAD END'), (4, 1, 'STANDOFF/CORRIDOR'), (5, 4, 'STANDOFF/DEAD END'), (8, 3, 'STANDOFF')] unreach=[]
  116s EXPLORING | link=ONLINE age=2 | W ONLINE bat=82.1 LIVE (5.8,2.9) hops=2 | E READY (-2.0,-2.0) F READY (-2.0,2.0) | mem=12 events=[(2, 1, 'STANDOFF/DEAD END'), (4, 1, 'STANDOFF/CORRIDOR'), (5, 4, 'STANDOFF/DEAD END'), (8, 3, 'STANDOFF')] unreach=[]
  118s EXPLORING | link=ONLINE age=2 | W ONLINE bat=81.7 LIVE (5.2,2.0) hops=2 | E READY (-2.0,-2.0) F READY (-2.0,2.0) | mem=12 events=[(2, 1, 'STANDOFF/DEAD END'), (4, 1, 'STANDOFF/CORRIDOR'), (5, 4, 'STANDOFF/DEAD END'), (8, 3, 'STANDOFF')] unreach=[]
  120s EXPLORING | link=ONLINE age=2 | W ONLINE bat=81.4 LIVE (4.5,1.3) hops=2 | E READY (-2.0,-2.0) F READY (-2.0,2.0) | mem=12 events=[(2, 1, 'STANDOFF/DEAD END'), (4, 1, 'STANDOFF/CORRIDOR'), (5, 4, 'STANDOFF/DEAD END'), (8, 3, 'STANDOFF')] unreach=[]
  122s EXPLORING | link=ONLINE age=2 | W ONLINE bat=81.0 LIVE (4.6,0.3) hops=2 | E READY (-2.0,-2.0) F READY (-2.0,2.0) | mem=13 events=[(2, 1, 'STANDOFF/DEAD END'), (4, 1, 'STANDOFF/CORRIDOR'), (5, 4, 'STANDOFF/DEAD END'), (8, 3, 'STANDOFF')] unreach=[]
  124s EXPLORING | link=ONLINE age=2 | W ONLINE bat=80.6 LIVE (5.6,0.1) hops=2 | E READY (-2.0,-2.0) F READY (-2.0,2.0) | mem=13 events=[(2, 1, 'STANDOFF/DEAD END'), (4, 1, 'STANDOFF/CORRIDOR'), (5, 4, 'STANDOFF/DEAD END'), (8, 3, 'STANDOFF')] unreach=[]
  126s EXPLORING | link=ONLINE age=2 | W ONLINE bat=80.3 LIVE (6.5,0.1) hops=2 | E READY (-2.0,-2.0) F READY (-2.0,2.0) | mem=13 events=[(2, 1, 'STANDOFF/DEAD END'), (4, 1, 'STANDOFF/CORRIDOR'), (5, 4, 'STANDOFF/DEAD END'), (8, 3, 'STANDOFF')] unreach=[]
  128s EXPLORING | link=ONLINE age=2 | W ONLINE bat=79.9 LIVE (7.6,0.2) hops=2 | E READY (-2.0,-2.0) F READY (-2.0,2.0) | mem=13 events=[(2, 1, 'STANDOFF/DEAD END'), (4, 1, 'STANDOFF/CORRIDOR'), (5, 4, 'STANDOFF/DEAD END'), (8, 3, 'STANDOFF')] unreach=[]
  130s EXPLORING | link=ONLINE age=2 | W ONLINE bat=79.6 LIVE (8.7,0.2) hops=2 | E READY (-2.0,-2.0) F READY (-2.0,2.0) | mem=13 events=[(2, 1, 'STANDOFF/DEAD END'), (4, 1, 'STANDOFF/CORRIDOR'), (5, 4, 'STANDOFF/DEAD END'), (8, 3, 'STANDOFF')] unreach=[]
  132s EXPLORING | link=ONLINE age=2 | W ONLINE bat=79.2 LIVE (9.8,0.2) hops=2 | E READY (-2.0,-2.0) F READY (-2.0,2.0) | mem=13 events=[(2, 1, 'STANDOFF/DEAD END'), (4, 1, 'STANDOFF/CORRIDOR'), (5, 4, 'STANDOFF/DEAD END'), (8, 3, 'STANDOFF')] unreach=[]
  134s EXPLORING | link=ONLINE age=2 | W ONLINE bat=78.8 LIVE (10.9,0.2) hops=2 | E READY (-2.0,-2.0) F READY (-2.0,2.0) | mem=13 events=[(2, 1, 'STANDOFF/DEAD END'), (4, 1, 'STANDOFF/CORRIDOR'), (5, 4, 'STANDOFF/DEAD END'), (8, 3, 'STANDOFF')] unreach=[]
  136s EXPLORING | link=ONLINE age=2 | W ONLINE bat=78.4 LIVE (12.0,0.2) hops=2 | E READY (-2.0,-2.0) F READY (-2.0,2.0) | mem=13 events=[(2, 1, 'STANDOFF/DEAD END'), (4, 1, 'STANDOFF/CORRIDOR'), (5, 4, 'STANDOFF/DEAD END'), (8, 3, 'STANDOFF')] unreach=[]
  138s EXPLORING | link=ONLINE age=2 | W ONLINE bat=78.0 LIVE (13.1,0.3) hops=2 | E READY (-2.0,-2.0) F READY (-2.0,2.0) | mem=13 events=[(2, 1, 'STANDOFF/DEAD END'), (4, 1, 'STANDOFF/CORRIDOR'), (5, 4, 'STANDOFF/DEAD END'), (8, 3, 'STANDOFF')] unreach=[]
  140s FAILING_WRITER | link=ONLINE age=2 | W ONLINE bat=77.6 LIVE (13.6,1.1) hops=2 | E READY (-2.0,-2.0) F READY (-2.0,2.0) | mem=13 events=[(2, 1, 'STANDOFF/DEAD END'), (4, 1, 'STANDOFF/CORRIDOR'), (5, 4, 'STANDOFF/DEAD END'), (8, 3, 'STANDOFF'), (10, 2, 'JUNCTION/STANDOFF')] unreach=[]
  142s MEMORY_PRESERVED | link=ONLINE age=2 | W FAILED bat=77.5 LIVE (13.6,1.3) hops=2 | E READY (-2.0,-2.0) F READY (-2.0,2.0) | mem=13 events=[(2, 1, 'STANDOFF/DEAD END'), (4, 1, 'STANDOFF/CORRIDOR'), (5, 4, 'STANDOFF/DEAD END'), (8, 3, 'STANDOFF'), (10, 2, 'JUNCTION/STANDOFF')] unreach=[]
  144s MEMORY_PRESERVED | link=ONLINE age=2 | W FAILED bat=77.5 LIVE (13.6,1.3) hops=2 | E READY (-2.0,-2.0) F NAVIGATING (-2.0,2.0) | mem=13 events=[(2, 1, 'STANDOFF/DEAD END'), (4, 1, 'STANDOFF/CORRIDOR'), (5, 4, 'STANDOFF/DEAD END'), (8, 3, 'STANDOFF'), (10, 2, 'JUNCTION/STANDOFF')] unreach=[]
  146s EXECUTING | link=ONLINE age=2 | W FAILED bat=77.5 LIVE (13.6,1.3) hops=2 | E NAVIGATING (-1.8,-2.0) F NAVIGATING (-1.3,1.8) | mem=13 events=[(2, 1, 'STANDOFF/DEAD END'), (4, 1, 'STANDOFF/CORRIDOR'), (5, 4, 'STANDOFF/DEAD END'), (8, 3, 'STANDOFF'), (10, 2, 'JUNCTION/STANDOFF')] unreach=[]
  148s EXECUTING | link=ONLINE age=2 | W FAILED bat=77.5 SILENT (13.6,1.3) hops=2 | E NAVIGATING (-1.1,-2.0) F NAVIGATING (-0.7,1.6) | mem=13 events=[(2, 1, 'STANDOFF/DEAD END'), (4, 1, 'STANDOFF/CORRIDOR'), (5, 4, 'STANDOFF/DEAD END'), (8, 3, 'STANDOFF'), (10, 2, 'JUNCTION/STANDOFF')] unreach=[]
  150s EXECUTING | link=ONLINE age=2 | W FAILED bat=77.5 SILENT (13.6,1.3) hops=2 | E NAVIGATING (-0.4,-2.1) F NAVIGATING (-0.1,1.1) | mem=13 events=[(2, 1, 'STANDOFF/DEAD END'), (4, 1, 'STANDOFF/CORRIDOR'), (5, 4, 'STANDOFF/DEAD END'), (8, 3, 'STANDOFF'), (10, 2, 'JUNCTION/STANDOFF')] unreach=[]
  152s EXECUTING | link=ONLINE age=2 | W FAILED bat=77.5 SILENT (13.6,1.3) hops=2 | E NAVIGATING (0.3,-2.2) F NAVIGATING (0.3,0.6) | mem=13 events=[(2, 1, 'STANDOFF/DEAD END'), (4, 1, 'STANDOFF/CORRIDOR'), (5, 4, 'STANDOFF/DEAD END'), (8, 3, 'STANDOFF'), (10, 2, 'JUNCTION/STANDOFF')] unreach=[]
  154s EXECUTING | link=ONLINE age=2 | W FAILED bat=77.5 SILENT (13.6,1.3) hops=2 | E NAVIGATING (1.0,-2.3) F NAVIGATING (0.6,-0.0) | mem=13 events=[(2, 1, 'STANDOFF/DEAD END'), (4, 1, 'STANDOFF/CORRIDOR'), (5, 4, 'STANDOFF/DEAD END'), (8, 3, 'STANDOFF'), (10, 2, 'JUNCTION/STANDOFF')] unreach=[]
  156s EXECUTING | link=ONLINE age=2 | W FAILED bat=77.5 SILENT (13.6,1.3) hops=2 | E NAVIGATING (1.6,-2.4) F NAVIGATING (0.9,-0.7) | mem=13 events=[(2, 1, 'STANDOFF/DEAD END'), (4, 1, 'STANDOFF/CORRIDOR'), (5, 4, 'STANDOFF/DEAD END'), (8, 3, 'STANDOFF'), (10, 2, 'JUNCTION/STANDOFF')] unreach=[]
  158s EXECUTING | link=ONLINE age=2 | W FAILED bat=77.5 SILENT (13.6,1.3) hops=2 | E NAVIGATING (2.3,-2.6) F NAVIGATING (1.2,-1.3) | mem=13 events=[(2, 1, 'STANDOFF/DEAD END'), (4, 1, 'STANDOFF/CORRIDOR'), (5, 4, 'STANDOFF/DEAD END'), (8, 3, 'STANDOFF'), (10, 2, 'JUNCTION/STANDOFF')] unreach=[]
  160s EXECUTING | link=ONLINE age=2 | W FAILED bat=77.5 SILENT (13.6,1.3) hops=2 | E NAVIGATING (2.8,-2.8) F NAVIGATING (1.5,-1.8) | mem=13 events=[(2, 1, 'STANDOFF/DEAD END'), (4, 1, 'STANDOFF/CORRIDOR'), (5, 4, 'STANDOFF/DEAD END'), (8, 3, 'STANDOFF'), (10, 2, 'JUNCTION/STANDOFF')] unreach=[]
  162s EXECUTING | link=ONLINE age=2 | W FAILED bat=77.5 SILENT (13.6,1.3) hops=2 | E NAVIGATING (3.5,-2.9) F NAVIGATING (1.9,-2.3) | mem=13 events=[(2, 1, 'STANDOFF/DEAD END'), (4, 1, 'STANDOFF/CORRIDOR'), (5, 4, 'STANDOFF/DEAD END'), (8, 3, 'STANDOFF'), (10, 2, 'JUNCTION/STANDOFF')] unreach=[]
  164s EXECUTING | link=ONLINE age=2 | W FAILED bat=77.5 SILENT (13.6,1.3) hops=2 | E NAVIGATING (4.2,-3.2) F NAVIGATING (2.6,-2.6) | mem=13 events=[(2, 1, 'STANDOFF/DEAD END'), (4, 1, 'STANDOFF/CORRIDOR'), (5, 4, 'STANDOFF/DEAD END'), (8, 3, 'STANDOFF'), (10, 2, 'JUNCTION/STANDOFF')] unreach=[]
  166s EXECUTING | link=ONLINE age=2 | W FAILED bat=77.5 SILENT (13.6,1.3) hops=2 | E NAVIGATING (4.8,-3.4) F NAVIGATING (3.2,-2.8) | mem=13 events=[(2, 1, 'STANDOFF/DEAD END'), (4, 1, 'STANDOFF/CORRIDOR'), (5, 4, 'STANDOFF/DEAD END'), (8, 3, 'STANDOFF'), (10, 2, 'JUNCTION/STANDOFF')] unreach=[]
  168s EXECUTING | link=ONLINE age=2 | W FAILED bat=77.5 SILENT (13.6,1.3) hops=2 | E NAVIGATING (5.5,-3.6) F NAVIGATING (3.9,-3.0) | mem=13 events=[(2, 1, 'STANDOFF/DEAD END'), (4, 1, 'STANDOFF/CORRIDOR'), (5, 4, 'STANDOFF/DEAD END'), (8, 3, 'STANDOFF'), (10, 2, 'JUNCTION/STANDOFF')] unreach=[]
  170s EXECUTING | link=ONLINE age=2 | W FAILED bat=77.5 SILENT (13.6,1.3) hops=2 | E NAVIGATING (6.2,-3.7) F NAVIGATING (4.5,-3.3) | mem=13 events=[(2, 1, 'STANDOFF/DEAD END'), (4, 1, 'STANDOFF/CORRIDOR'), (5, 4, 'STANDOFF/DEAD END'), (8, 3, 'STANDOFF'), (10, 2, 'JUNCTION/STANDOFF')] unreach=[]
  172s EXECUTING | link=ONLINE age=2 | W FAILED bat=77.5 SILENT (13.6,1.3) hops=2 | E NAVIGATING (6.9,-3.6) F NAVIGATING (5.2,-3.6) | mem=13 events=[(2, 1, 'STANDOFF/DEAD END'), (4, 1, 'STANDOFF/CORRIDOR'), (5, 4, 'STANDOFF/DEAD END'), (8, 3, 'STANDOFF'), (10, 2, 'JUNCTION/STANDOFF')] unreach=[]
  174s EXECUTING | link=ONLINE age=2 | W FAILED bat=77.5 SILENT (13.6,1.3) hops=2 | E NAVIGATING (7.5,-3.4) F NAVIGATING (5.9,-3.7) | mem=13 events=[(2, 1, 'STANDOFF/DEAD END'), (4, 1, 'STANDOFF/CORRIDOR'), (5, 4, 'STANDOFF/DEAD END'), (8, 3, 'STANDOFF'), (10, 2, 'JUNCTION/STANDOFF')] unreach=[]
  176s EXECUTING | link=ONLINE age=2 | W FAILED bat=77.5 SILENT (13.6,1.3) hops=2 | E NAVIGATING (7.8,-3.4) F NAVIGATING (6.2,-3.7) | mem=13 events=[(2, 1, 'STANDOFF/DEAD END'), (4, 1, 'STANDOFF/CORRIDOR'), (5, 4, 'STANDOFF/DEAD END'), (8, 3, 'STANDOFF'), (10, 2, 'JUNCTION/STANDOFF')] unreach=[]
  178s EXECUTING | link=ONLINE age=2 | W FAILED bat=77.5 SILENT (13.6,1.3) hops=2 | E NAVIGATING (8.0,-3.4) F NAVIGATING (6.4,-3.7) | mem=13 events=[(2, 1, 'STANDOFF/DEAD END'), (4, 1, 'STANDOFF/CORRIDOR'), (5, 4, 'STANDOFF/DEAD END'), (8, 3, 'STANDOFF'), (10, 2, 'JUNCTION/STANDOFF')] unreach=[]
  180s EXECUTING | link=ONLINE age=2 | W FAILED bat=77.5 SILENT (13.6,1.3) hops=2 | E NAVIGATING (8.0,-3.2) F NAVIGATING (6.6,-3.7) | mem=13 events=[(2, 1, 'STANDOFF/DEAD END'), (4, 1, 'STANDOFF/CORRIDOR'), (5, 4, 'STANDOFF/DEAD END'), (8, 3, 'STANDOFF'), (10, 2, 'JUNCTION/STANDOFF')] unreach=[]
  182s EXECUTING | link=ONLINE age=2 | W FAILED bat=77.5 SILENT (13.6,1.3) hops=2 | E ASSISTING (8.5,-2.8) F NAVIGATING (7.2,-3.5) | mem=13 events=[(2, 1, 'STANDOFF/DEAD END'), (4, 1, 'STANDOFF/CORRIDOR'), (5, 4, 'STANDOFF/DEAD END'), (8, 3, 'STANDOFF'), (10, 2, 'JUNCTION/STANDOFF')] unreach=[]
  184s EXECUTING | link=ONLINE age=2 | W FAILED bat=77.5 SILENT (13.6,1.3) hops=2 | E ASSISTING (8.8,-2.6) F NAVIGATING (7.8,-3.5) | mem=13 events=[(2, 1, 'STANDOFF/DEAD END'), (4, 1, 'STANDOFF/CORRIDOR'), (5, 4, 'STANDOFF/DEAD END'), (8, 3, 'STANDOFF'), (10, 2, 'JUNCTION/STANDOFF')] unreach=[]
  186s EXECUTING | link=ONLINE age=2 | W FAILED bat=77.5 SILENT (13.6,1.3) hops=2 | E NAVIGATING (8.8,-2.4) F NAVIGATING (7.9,-3.5) | mem=13 events=[(2, 1, 'STANDOFF/DEAD END'), (4, 1, 'STANDOFF/RESOLVED/CORRIDOR'), (5, 4, 'STANDOFF/DEAD END'), (8, 3, 'STANDOFF'), (10, 2, 'JUNCTION/STANDOFF')] unreach=[]
  188s EXECUTING | link=ONLINE age=2 | W FAILED bat=77.5 SILENT (13.6,1.3) hops=2 | E NAVIGATING (8.6,-2.1) F NAVIGATING (8.0,-3.7) | mem=13 events=[(2, 1, 'STANDOFF/DEAD END'), (4, 1, 'STANDOFF/RESOLVED/CORRIDOR'), (5, 4, 'STANDOFF/DEAD END'), (8, 3, 'STANDOFF'), (10, 2, 'JUNCTION/STANDOFF')] unreach=[]
  190s EXECUTING | link=ONLINE age=2 | W FAILED bat=77.5 SILENT (13.6,1.3) hops=2 | E NAVIGATING (8.7,-2.0) F NAVIGATING (8.0,-3.6) | mem=13 events=[(2, 1, 'STANDOFF/DEAD END'), (4, 1, 'STANDOFF/RESOLVED/CORRIDOR'), (5, 4, 'STANDOFF/DEAD END'), (8, 3, 'STANDOFF'), (10, 2, 'JUNCTION/STANDOFF')] unreach=[]
  192s EXECUTING | link=ONLINE age=2 | W FAILED bat=77.5 SILENT (13.6,1.3) hops=2 | E NAVIGATING (8.7,-2.0) F NAVIGATING (8.1,-3.7) | mem=13 events=[(2, 1, 'STANDOFF/DEAD END'), (4, 1, 'STANDOFF/RESOLVED/CORRIDOR'), (5, 4, 'STANDOFF/DEAD END'), (8, 3, 'STANDOFF'), (10, 2, 'JUNCTION/STANDOFF')] unreach=[]
  194s EXECUTING | link=ONLINE age=2 | W FAILED bat=77.5 SILENT (13.6,1.3) hops=2 | E NAVIGATING (8.7,-2.0) F NAVIGATING (8.0,-3.5) | mem=13 events=[(2, 1, 'STANDOFF/DEAD END'), (4, 1, 'STANDOFF/RESOLVED/CORRIDOR'), (5, 4, 'STANDOFF/DEAD END'), (8, 3, 'STANDOFF'), (10, 2, 'JUNCTION/STANDOFF')] unreach=[]
  196s EXECUTING | link=ONLINE age=2 | W FAILED bat=77.5 SILENT (13.6,1.3) hops=2 | E NAVIGATING (8.7,-1.9) F NAVIGATING (8.1,-3.6) | mem=13 events=[(2, 1, 'STANDOFF/DEAD END'), (4, 1, 'STANDOFF/RESOLVED/CORRIDOR'), (5, 4, 'STANDOFF/DEAD END'), (8, 3, 'STANDOFF'), (10, 2, 'JUNCTION/STANDOFF')] unreach=[]
  198s EXECUTING | link=ONLINE age=2 | W FAILED bat=77.5 SILENT (13.6,1.3) hops=2 | E NAVIGATING (8.7,-1.7) F NAVIGATING (8.2,-3.8) | mem=13 events=[(2, 1, 'STANDOFF/DEAD END'), (4, 1, 'STANDOFF/RESOLVED/CORRIDOR'), (5, 4, 'STANDOFF/DEAD END'), (8, 3, 'STANDOFF'), (10, 2, 'JUNCTION/STANDOFF')] unreach=[]
  200s EXECUTING | link=ONLINE age=2 | W FAILED bat=77.5 SILENT (13.6,1.3) hops=2 | E NAVIGATING (9.0,-1.4) F NAVIGATING (8.5,-3.6) | mem=13 events=[(2, 1, 'STANDOFF/DEAD END'), (4, 1, 'STANDOFF/RESOLVED/CORRIDOR'), (5, 4, 'STANDOFF/DEAD END'), (8, 3, 'STANDOFF'), (10, 2, 'JUNCTION/STANDOFF')] unreach=[]
  202s EXECUTING | link=ONLINE age=2 | W FAILED bat=77.5 SILENT (13.6,1.3) hops=2 | E NAVIGATING (9.0,-1.3) F NAVIGATING (9.2,-3.5) | mem=13 events=[(2, 1, 'STANDOFF/DEAD END'), (4, 1, 'STANDOFF/RESOLVED/CORRIDOR'), (5, 4, 'STANDOFF/DEAD END'), (8, 3, 'STANDOFF'), (10, 2, 'JUNCTION/STANDOFF')] unreach=[]
  204s EXECUTING | link=ONLINE age=2 | W FAILED bat=77.5 SILENT (13.6,1.3) hops=2 | E NAVIGATING (8.7,-1.0) F EXTINGUISHING (9.8,-3.3) | mem=13 events=[(2, 1, 'STANDOFF/DEAD END'), (4, 1, 'STANDOFF/RESOLVED/CORRIDOR'), (5, 4, 'STANDOFF/DEAD END'), (8, 3, 'STANDOFF'), (10, 2, 'JUNCTION/STANDOFF')] unreach=[]
  206s EXECUTING | link=ONLINE age=2 | W FAILED bat=77.5 SILENT (13.6,1.3) hops=2 | E NAVIGATING (8.4,-1.0) F EXTINGUISHING (9.9,-3.3) | mem=13 events=[(2, 1, 'STANDOFF/DEAD END'), (4, 1, 'STANDOFF/RESOLVED/CORRIDOR'), (5, 4, 'STANDOFF/DEAD END'), (8, 3, 'STANDOFF'), (10, 2, 'JUNCTION/STANDOFF')] unreach=[]
  208s EXECUTING | link=ONLINE age=2 | W FAILED bat=77.5 SILENT (13.6,1.3) hops=2 | E NAVIGATING (7.9,-0.9) F EXTINGUISHING (9.9,-3.3) | mem=13 events=[(2, 1, 'STANDOFF/DEAD END'), (4, 1, 'STANDOFF/RESOLVED/CORRIDOR'), (5, 4, 'STANDOFF/DEAD END'), (8, 3, 'STANDOFF'), (10, 2, 'JUNCTION/STANDOFF')] unreach=[]
  211s EXECUTING | link=ONLINE age=2 | W FAILED bat=77.5 SILENT (13.6,1.3) hops=2 | E NAVIGATING (7.3,-0.7) F MISSION_COMPLETE (9.8,-3.3) | mem=13 events=[(2, 1, 'STANDOFF/DEAD END'), (4, 1, 'STANDOFF/RESOLVED/CORRIDOR'), (5, 4, 'STANDOFF/RESOLVED/DEAD END'), (8, 3, 'STANDOFF'), (10, 2, 'JUNCTION/STANDOFF')] unreach=[]
  213s EXECUTING | link=ONLINE age=2 | W FAILED bat=77.5 SILENT (13.6,1.3) hops=2 | E NAVIGATING (6.6,-0.6) F MISSION_COMPLETE (9.2,-3.3) | mem=13 events=[(2, 1, 'STANDOFF/DEAD END'), (4, 1, 'STANDOFF/RESOLVED/CORRIDOR'), (5, 4, 'STANDOFF/RESOLVED/DEAD END'), (8, 3, 'STANDOFF'), (10, 2, 'JUNCTION/STANDOFF')] unreach=[]
  215s EXECUTING | link=ONLINE age=2 | W FAILED bat=77.5 SILENT (13.6,1.3) hops=2 | E ASSISTING (6.2,-0.5) F MISSION_COMPLETE (8.7,-3.3) | mem=13 events=[(2, 1, 'STANDOFF/DEAD END'), (4, 1, 'STANDOFF/RESOLVED/CORRIDOR'), (5, 4, 'STANDOFF/RESOLVED/DEAD END'), (8, 3, 'STANDOFF'), (10, 2, 'JUNCTION/STANDOFF')] unreach=[]
  217s EXECUTING | link=ONLINE age=2 | W FAILED bat=77.5 SILENT (13.6,1.3) hops=2 | E REPORTING (6.2,-0.5) F MISSION_COMPLETE (8.0,-3.3) | mem=13 events=[(2, 1, 'STANDOFF/RESOLVED/DEAD END'), (4, 1, 'STANDOFF/RESOLVED/CORRIDOR'), (5, 4, 'STANDOFF/RESOLVED/DEAD END'), (8, 3, 'STANDOFF'), (10, 2, 'JUNCTION/STANDOFF')] unreach=[]
  219s COMPLETE | link=ONLINE age=2 | W FAILED bat=77.5 SILENT (13.6,1.3) hops=2 | E MISSION_COMPLETE (6.2,-0.5) F MISSION_COMPLETE (7.3,-3.4) | mem=13 events=[(2, 1, 'STANDOFF/RESOLVED/DEAD END'), (4, 1, 'STANDOFF/RESOLVED/CORRIDOR'), (5, 4, 'STANDOFF/RESOLVED/DEAD END'), (8, 3, 'STANDOFF'), (10, 2, 'JUNCTION/STANDOFF')] unreach=[]
MSG Mission complete: the fire robot put the fire out and the rescue robot reached and assisted 2 victims in priority order; each marked its beacon resolved. Extraction is outside Phase 1.
EXEC 13 inherited memories; B004 now advertises RESOLVED; B002 now advertises RESOLVED; 2 hazards kept out
MISSIONS {'executor': {'map_age_s': 4.7, 'map_included': True, 'mission_id': 1, 'objective': 'In priority order (B004, B002), reach and assist each victim using inherited memories.', 'robot_id': 'executor', 'seeded_memories': 13, 'status': 'MISSION COMPLETE', 'target_beacon_id': 4, 'target_beacon_ids': [4, 2], 'target_event': 'VICTIM @ B004 → VICTIM @ B002', 'target_type': 1}, 'firebot': {'map_age_s': 3.1, 'map_included': True, 'mission_id': 1, 'objective': 'In priority order (B005), reach and extinguish each fire using inherited memories.', 'robot_id': 'firebot', 'seeded_memories': 13, 'status': 'MISSION COMPLETE', 'target_beacon_id': 5, 'target_beacon_ids': [5], 'target_event': 'FIRE @ B005', 'target_type': 4}}
  T 20:31:28 Writer destroyed (fault injection); persistent beacons remain independent.
  T 20:31:28 Waiting for the Writer's last FAILED transmission
  T 20:31:29 Writer destroyed; persistent memories survived
  T 20:31:29 Decision: WHO = firebot (fire robot); WHAT = FIRE B005 (severity 5, 92%, aging). HOW is left to the robot.
  T 20:31:29 Decision: WHO = executor (rescue robot); WHAT = VICTIM B004 (severity 4, 90%, fresh) then VICTIM B002 (severity 3, 96%, fresh). HOW is left to the robot.
  T 20:31:29 Gas: no robot can neutralise it; every robot keeps it out of its route.
  T 20:31:29 Sent dispatch through the gateway uplink
  T 20:31:30 Mission brief, memory seed and map delivered to Executor
  T 20:31:30 Sent dispatch through the gateway uplink
  T 20:31:32 Mission brief, memory seed and map delivered to Executor
  T 20:31:32 Briefed the fire robot and rescue robot; each navigates with its own logic from inherited memories
  T 20:32:44 Mission complete: the fire robot put the fire out and the rescue robot reached and assisted 2 victims in priority order; each marked its beacon resolved. Extraction is outside Phase 1.
  B001 t=0 ENTRANCE               at (0.00,0.00) tgt=(None,None) prev=0 next=2 hops=1 {'bearing_deg': -30.6, 'compass': 'ESE', 'compass_deg': 102.6, 'range_m': 4.71, 'to': 'B002'}
  B002 t=1 STANDOFF/RESOLVED/DEAD END at (4.06,-2.40) tgt=(6.0,-2.2) prev=1 next=3 hops=1 {'bearing_deg': 5.9, 'compass': 'ENE', 'compass_deg': 66.1, 'range_m': 1.95, 'to': 'victim'}
  B003 t=0 JUNCTION               at (6.40,-3.78) tgt=(None,None) prev=2 next=4 hops=1 {'bearing_deg': 11.8, 'compass': 'ENE', 'compass_deg': 60.2, 'range_m': 1.65, 'to': 'B004'}
  B004 t=1 STANDOFF/RESOLVED/CORRIDOR at (8.01,-3.44) tgt=(9.5,-1.79) prev=3 next=5 hops=1 {'bearing_deg': 47.9, 'compass': 'NNE', 'compass_deg': 24.1, 'range_m': 2.22, 'to': 'victim'}
  B005 t=4 STANDOFF/RESOLVED/DEAD END at (10.36,-2.68) tgt=(12.5,-3.91) prev=4 next=6 hops=2 {'bearing_deg': -29.7, 'compass': 'ESE', 'compass_deg': 101.7, 'range_m': 2.47, 'to': 'fire'}
  B006 t=0 JUNCTION               at (12.96,-3.34) tgt=(None,None) prev=5 next=7 hops=2 {'bearing_deg': -6.9, 'compass': 'E', 'compass_deg': 78.9, 'range_m': 3.94, 'to': 'B007'}
  B007 t=0 JUNCTION               at (16.88,-3.82) tgt=(None,None) prev=6 next=8 hops=2 {'bearing_deg': 57.1, 'compass': 'NNE', 'compass_deg': 14.9, 'range_m': 4.27, 'to': 'B008'}
  B008 t=3 STANDOFF               at (19.20,-0.23) tgt=(18.5,1.01) prev=7 next=9 hops=2 {'bearing_deg': 119.5, 'compass': 'NW', 'compass_deg': 312.5, 'range_m': 1.42, 'to': 'blocked path'}
  B009 t=0 JUNCTION               at (15.46,-1.42) tgt=(None,None) prev=8 next=10 hops=2 {'bearing_deg': 140.9, 'compass': 'WNW', 'compass_deg': 291.1, 'range_m': 2.52, 'to': 'B010'}
  B010 t=2 JUNCTION/STANDOFF      at (13.50,0.17) tgt=(14.5,3.1) prev=9 next=11 hops=2 {'bearing_deg': 71.1, 'compass': 'N', 'compass_deg': 0.9, 'range_m': 3.1, 'to': 'gas hazard'}
  B011 t=0 JUNCTION               at (10.74,0.18) tgt=(None,None) prev=10 next=12 hops=2 {'bearing_deg': 148.1, 'compass': 'WNW', 'compass_deg': 283.9, 'range_m': 5.86, 'to': 'B012'}
  B012 t=0 RELAY                  at (5.77,3.28) tgt=(None,None) prev=11 next=13 hops=2 {'bearing_deg': -121.2, 'compass': 'SSW', 'compass_deg': 193.2, 'range_m': 2.66, 'to': 'B013'}
  B013 t=0 JUNCTION               at (4.39,1.00) tgt=(None,None) prev=12 next=0 hops=1 None
