    0s STARTING | link=ONLINE age=1 | W PAUSED bat=99.3 LIVE (0.0,0.0) hops=1 | E READY (-2.0,-2.0) F READY (-2.0,2.0) | mem=0 events=[] unreach=[]
    2s EXPLORING | link=ONLINE age=1 | W PAUSED bat=99.2 LIVE (0.0,0.0) hops=1 | E READY (-2.0,-2.0) F READY (-2.0,2.0) | mem=0 events=[] unreach=[]
    4s EXPLORING | link=ONLINE age=1 | W ONLINE bat=99.2 LIVE (0.0,0.0) hops=1 | E READY (-2.0,-2.0) F READY (-2.0,2.0) | mem=1 events=[] unreach=[]
    6s EXPLORING | link=ONLINE age=1 | W ONLINE bat=98.9 LIVE (0.8,0.0) hops=1 | E READY (-2.0,-2.0) F READY (-2.0,2.0) | mem=1 events=[] unreach=[]
    8s EXPLORING | link=ONLINE age=1 | W ONLINE bat=98.7 LIVE (1.2,0.0) hops=1 | E READY (-2.0,-2.0) F READY (-2.0,2.0) | mem=1 events=[] unreach=[]
   10s EXPLORING | link=ONLINE age=1 | W ONLINE bat=98.6 LIVE (1.4,-0.1) hops=1 | E READY (-2.0,-2.0) F READY (-2.0,2.0) | mem=1 events=[] unreach=[]
   12s EXPLORING | link=ONLINE age=1 | W ONLINE bat=98.2 LIVE (2.1,-1.0) hops=1 | E READY (-2.0,-2.0) F READY (-2.0,2.0) | mem=1 events=[] unreach=[]
   14s EXPLORING | link=ONLINE age=1 | W ONLINE bat=97.8 LIVE (2.8,-1.7) hops=1 | E READY (-2.0,-2.0) F READY (-2.0,2.0) | mem=1 events=[] unreach=[]
   16s EXPLORING | link=ONLINE age=1 | W ONLINE bat=97.4 LIVE (3.8,-2.3) hops=1 | E READY (-2.0,-2.0) F READY (-2.0,2.0) | mem=1 events=[] unreach=[]
   18s EXPLORING | link=ONLINE age=1 | W ONLINE bat=97.0 LIVE (4.7,-2.8) hops=1 | E READY (-2.0,-2.0) F READY (-2.0,2.0) | mem=2 events=[(2, 1, 'STANDOFF')] unreach=[]
   20s EXPLORING | link=ONLINE age=1 | W ONLINE bat=96.6 LIVE (5.7,-3.4) hops=1 | E READY (-2.0,-2.0) F READY (-2.0,2.0) | mem=2 events=[(2, 1, 'STANDOFF')] unreach=[]
   22s EXPLORING | link=ONLINE age=1 | W ONLINE bat=96.3 LIVE (6.4,-3.9) hops=1 | E READY (-2.0,-2.0) F READY (-2.0,2.0) | mem=2 events=[(2, 1, 'STANDOFF')] unreach=[]
   24s EXPLORING | link=ONLINE age=1 | W ONLINE bat=96.3 LIVE (6.5,-3.9) hops=1 | E READY (-2.0,-2.0) F READY (-2.0,2.0) | mem=2 events=[(2, 1, 'STANDOFF')] unreach=[]
   26s EXPLORING | link=ONLINE age=1 | W ONLINE bat=96.2 LIVE (6.5,-3.9) hops=1 | E READY (-2.0,-2.0) F READY (-2.0,2.0) | mem=2 events=[(2, 1, 'STANDOFF')] unreach=[]
   28s EXPLORING | link=ONLINE age=1 | W ONLINE bat=96.1 LIVE (6.4,-3.8) hops=1 | E READY (-2.0,-2.0) F READY (-2.0,2.0) | mem=2 events=[(2, 1, 'STANDOFF')] unreach=[]
   30s EXPLORING | link=ONLINE age=1 | W ONLINE bat=95.7 LIVE (5.7,-3.1) hops=1 | E READY (-2.0,-2.0) F READY (-2.0,2.0) | mem=2 events=[(2, 1, 'STANDOFF')] unreach=[]
   32s EXPLORING | link=ONLINE age=1 | W ONLINE bat=95.3 LIVE (5.0,-2.3) hops=1 | E READY (-2.0,-2.0) F READY (-2.0,2.0) | mem=2 events=[(2, 1, 'STANDOFF')] unreach=[]
   34s EXPLORING | link=ONLINE age=1 | W ONLINE bat=94.9 LIVE (4.9,-1.2) hops=2 | E READY (-2.0,-2.0) F READY (-2.0,2.0) | mem=2 events=[(2, 1, 'STANDOFF')] unreach=[]
   36s EXPLORING | link=ONLINE age=1 | W ONLINE bat=94.5 LIVE (4.7,-0.1) hops=2 | E READY (-2.0,-2.0) F READY (-2.0,2.0) | mem=2 events=[(2, 1, 'STANDOFF')] unreach=[]
   38s EXPLORING | link=ONLINE age=1 | W ONLINE bat=94.1 LIVE (4.4,1.0) hops=2 | E READY (-2.0,-2.0) F READY (-2.0,2.0) | mem=2 events=[(2, 1, 'STANDOFF')] unreach=[]
   40s EXPLORING | link=ONLINE age=2 | W ONLINE bat=94.0 LIVE (4.5,1.5) hops=2 | E READY (-2.0,-2.0) F READY (-2.0,2.0) | mem=2 events=[(2, 1, 'STANDOFF')] unreach=[]
   42s EXPLORING | link=ONLINE age=1 | W ONLINE bat=93.4 LIVE (5.4,2.8) hops=2 | E READY (-2.0,-2.0) F READY (-2.0,2.0) | mem=3 events=[(2, 1, 'STANDOFF')] unreach=[]
   44s EXPLORING | link=ONLINE age=1 | W ONLINE bat=93.1 LIVE (5.8,3.4) hops=3 | E READY (-2.0,-2.0) F READY (-2.0,2.0) | mem=3 events=[(2, 1, 'STANDOFF')] unreach=[]
   46s EXPLORING | link=ONLINE age=1 | W ONLINE bat=93.0 LIVE (5.8,3.4) hops=3 | E READY (-2.0,-2.0) F READY (-2.0,2.0) | mem=3 events=[(2, 1, 'STANDOFF')] unreach=[]
   48s EXPLORING | link=ONLINE age=1 | W ONLINE bat=92.9 LIVE (5.8,3.1) hops=3 | E READY (-2.0,-2.0) F READY (-2.0,2.0) | mem=3 events=[(2, 1, 'STANDOFF')] unreach=[]
   50s EXPLORING | link=ONLINE age=1 | W ONLINE bat=92.6 LIVE (5.1,2.6) hops=2 | E READY (-2.0,-2.0) F READY (-2.0,2.0) | mem=3 events=[(2, 1, 'STANDOFF')] unreach=[]
   52s EXPLORING | link=ONLINE age=1 | W ONLINE bat=92.2 LIVE (4.5,1.6) hops=2 | E READY (-2.0,-2.0) F READY (-2.0,2.0) | mem=3 events=[(2, 1, 'STANDOFF')] unreach=[]
   54s EXPLORING | link=ONLINE age=1 | W ONLINE bat=91.8 LIVE (4.5,0.6) hops=2 | E READY (-2.0,-2.0) F READY (-2.0,2.0) | mem=3 events=[(2, 1, 'STANDOFF')] unreach=[]
   56s EXPLORING | link=ONLINE age=1 | W ONLINE bat=91.4 LIVE (5.3,0.1) hops=2 | E READY (-2.0,-2.0) F READY (-2.0,2.0) | mem=3 events=[(2, 1, 'STANDOFF')] unreach=[]
   58s EXPLORING | link=ONLINE age=1 | W ONLINE bat=91.0 LIVE (6.4,-0.1) hops=2 | E READY (-2.0,-2.0) F READY (-2.0,2.0) | mem=3 events=[(2, 1, 'STANDOFF')] unreach=[]
   60s EXPLORING | link=ONLINE age=1 | W ONLINE bat=90.6 LIVE (7.5,-0.2) hops=2 | E READY (-2.0,-2.0) F READY (-2.0,2.0) | mem=3 events=[(2, 1, 'STANDOFF')] unreach=[]
   62s EXPLORING | link=ONLINE age=1 | W ONLINE bat=90.3 LIVE (8.3,-0.4) hops=2 | E READY (-2.0,-2.0) F READY (-2.0,2.0) | mem=4 events=[(2, 1, 'STANDOFF'), (4, 1, 'STANDOFF/DEAD END')] unreach=[]
   64s EXPLORING | link=ONLINE age=1 | W ONLINE bat=90.0 LIVE (9.4,-0.7) hops=2 | E READY (-2.0,-2.0) F READY (-2.0,2.0) | mem=4 events=[(2, 1, 'STANDOFF'), (4, 1, 'STANDOFF/DEAD END')] unreach=[]
   66s EXPLORING | link=ONLINE age=1 | W ONLINE bat=89.6 LIVE (10.4,-1.2) hops=2 | E READY (-2.0,-2.0) F READY (-2.0,2.0) | mem=4 events=[(2, 1, 'STANDOFF'), (4, 1, 'STANDOFF/DEAD END')] unreach=[]
   68s EXPLORING | link=ONLINE age=1 | W ONLINE bat=89.2 LIVE (11.3,-1.8) hops=2 | E READY (-2.0,-2.0) F READY (-2.0,2.0) | mem=5 events=[(2, 1, 'STANDOFF'), (4, 1, 'STANDOFF/DEAD END'), (5, 4, 'STANDOFF/CORRIDOR')] unreach=[]
   70s EXPLORING | link=ONLINE age=1 | W ONLINE bat=88.8 LIVE (12.3,-2.0) hops=2 | E READY (-2.0,-2.0) F READY (-2.0,2.0) | mem=5 events=[(2, 1, 'STANDOFF'), (4, 1, 'STANDOFF/DEAD END'), (5, 4, 'STANDOFF/CORRIDOR')] unreach=[]
   72s EXPLORING | link=ONLINE age=1 | W ONLINE bat=88.5 LIVE (13.1,-2.2) hops=2 | E READY (-2.0,-2.0) F READY (-2.0,2.0) | mem=5 events=[(2, 1, 'STANDOFF'), (4, 1, 'STANDOFF/DEAD END'), (5, 4, 'STANDOFF/CORRIDOR')] unreach=[]
   74s EXPLORING | link=ONLINE age=1 | W ONLINE bat=88.2 LIVE (13.8,-2.2) hops=2 | E READY (-2.0,-2.0) F READY (-2.0,2.0) | mem=5 events=[(2, 1, 'STANDOFF'), (4, 1, 'STANDOFF/DEAD END'), (5, 4, 'STANDOFF/CORRIDOR')] unreach=[]
   76s EXPLORING | link=ONLINE age=1 | W ONLINE bat=87.8 LIVE (14.8,-2.0) hops=2 | E READY (-2.0,-2.0) F READY (-2.0,2.0) | mem=5 events=[(2, 1, 'STANDOFF'), (4, 1, 'STANDOFF/DEAD END'), (5, 4, 'STANDOFF/CORRIDOR')] unreach=[]
   78s EXPLORING | link=ONLINE age=1 | W ONLINE bat=87.6 LIVE (15.6,-1.8) hops=2 | E READY (-2.0,-2.0) F READY (-2.0,2.0) | mem=6 events=[(2, 1, 'STANDOFF'), (4, 1, 'STANDOFF/DEAD END'), (5, 4, 'STANDOFF/CORRIDOR')] unreach=[]
   80s EXPLORING | link=ONLINE age=1 | W ONLINE bat=87.2 LIVE (16.7,-1.5) hops=3 | E READY (-2.0,-2.0) F READY (-2.0,2.0) | mem=6 events=[(2, 1, 'STANDOFF'), (4, 1, 'STANDOFF/DEAD END'), (5, 4, 'STANDOFF/CORRIDOR')] unreach=[]
   82s EXPLORING | link=ONLINE age=1 | W ONLINE bat=86.8 LIVE (17.7,-1.1) hops=3 | E READY (-2.0,-2.0) F READY (-2.0,2.0) | mem=6 events=[(2, 1, 'STANDOFF'), (4, 1, 'STANDOFF/DEAD END'), (5, 4, 'STANDOFF/CORRIDOR')] unreach=[]
   84s EXPLORING | link=ONLINE age=1 | W ONLINE bat=86.4 LIVE (18.7,-0.6) hops=3 | E READY (-2.0,-2.0) F READY (-2.0,2.0) | mem=6 events=[(2, 1, 'STANDOFF'), (4, 1, 'STANDOFF/DEAD END'), (5, 4, 'STANDOFF/CORRIDOR')] unreach=[]
   86s EXPLORING | link=ONLINE age=2 | W ONLINE bat=86.3 LIVE (19.0,-0.5) hops=3 | E READY (-2.0,-2.0) F READY (-2.0,2.0) | mem=6 events=[(2, 1, 'STANDOFF'), (4, 1, 'STANDOFF/DEAD END'), (5, 4, 'STANDOFF/CORRIDOR')] unreach=[]
   88s EXPLORING | link=ONLINE age=1 | W ONLINE bat=86.2 LIVE (19.0,-0.4) hops=3 | E READY (-2.0,-2.0) F READY (-2.0,2.0) | mem=6 events=[(2, 1, 'STANDOFF'), (4, 1, 'STANDOFF/DEAD END'), (5, 4, 'STANDOFF/CORRIDOR')] unreach=[]
   90s EXPLORING | link=ONLINE age=1 | W ONLINE bat=86.1 LIVE (19.0,-0.4) hops=3 | E READY (-2.0,-2.0) F READY (-2.0,2.0) | mem=6 events=[(2, 1, 'STANDOFF'), (4, 1, 'STANDOFF/DEAD END'), (5, 4, 'STANDOFF/CORRIDOR')] unreach=[]
   92s EXPLORING | link=ONLINE age=1 | W ONLINE bat=86.0 LIVE (19.0,-0.5) hops=3 | E READY (-2.0,-2.0) F READY (-2.0,2.0) | mem=6 events=[(2, 1, 'STANDOFF'), (4, 1, 'STANDOFF/DEAD END'), (5, 4, 'STANDOFF/CORRIDOR')] unreach=[]
   94s EXPLORING | link=ONLINE age=1 | W ONLINE bat=86.0 LIVE (19.0,-0.4) hops=3 | E READY (-2.0,-2.0) F READY (-2.0,2.0) | mem=6 events=[(2, 1, 'STANDOFF'), (4, 1, 'STANDOFF/DEAD END'), (5, 4, 'STANDOFF/CORRIDOR')] unreach=[]
   96s EXPLORING | link=ONLINE age=1 | W ONLINE bat=85.9 LIVE (19.0,-0.4) hops=3 | E READY (-2.0,-2.0) F READY (-2.0,2.0) | mem=6 events=[(2, 1, 'STANDOFF'), (4, 1, 'STANDOFF/DEAD END'), (5, 4, 'STANDOFF/CORRIDOR')] unreach=[]
   98s EXPLORING | link=ONLINE age=1 | W ONLINE bat=85.8 LIVE (19.0,-0.4) hops=3 | E READY (-2.0,-2.0) F READY (-2.0,2.0) | mem=6 events=[(2, 1, 'STANDOFF'), (4, 1, 'STANDOFF/DEAD END'), (5, 4, 'STANDOFF/CORRIDOR')] unreach=[]
  100s EXPLORING | link=ONLINE age=1 | W ONLINE bat=85.7 LIVE (19.1,-0.2) hops=3 | E READY (-2.0,-2.0) F READY (-2.0,2.0) | mem=7 events=[(2, 1, 'STANDOFF'), (4, 1, 'STANDOFF/DEAD END'), (5, 4, 'STANDOFF/CORRIDOR'), (7, 3, 'STANDOFF')] unreach=[]
  102s EXPLORING | link=ONLINE age=1 | W ONLINE bat=85.6 LIVE (19.2,-0.1) hops=3 | E READY (-2.0,-2.0) F READY (-2.0,2.0) | mem=7 events=[(2, 1, 'STANDOFF'), (4, 1, 'STANDOFF/DEAD END'), (5, 4, 'STANDOFF/CORRIDOR'), (7, 3, 'STANDOFF')] unreach=[]
  106s EXPLORING | link=ONLINE age=1 | W ONLINE bat=85.5 LIVE (19.2,-0.1) hops=3 | E READY (-2.0,-2.0) F READY (-2.0,2.0) | mem=7 events=[(2, 1, 'STANDOFF'), (4, 1, 'STANDOFF/DEAD END'), (5, 4, 'STANDOFF/CORRIDOR'), (7, 3, 'STANDOFF')] unreach=[]
  108s EXPLORING | link=ONLINE age=1 | W ONLINE bat=85.3 LIVE (18.9,-0.3) hops=3 | E READY (-2.0,-2.0) F READY (-2.0,2.0) | mem=7 events=[(2, 1, 'STANDOFF'), (4, 1, 'STANDOFF/DEAD END'), (5, 4, 'STANDOFF/CORRIDOR'), (7, 3, 'STANDOFF')] unreach=[]
  110s EXPLORING | link=ONLINE age=1 | W ONLINE bat=84.9 LIVE (17.9,-0.8) hops=3 | E READY (-2.0,-2.0) F READY (-2.0,2.0) | mem=7 events=[(2, 1, 'STANDOFF'), (4, 1, 'STANDOFF/DEAD END'), (5, 4, 'STANDOFF/CORRIDOR'), (7, 3, 'STANDOFF')] unreach=[]
  112s EXPLORING | link=ONLINE age=1 | W ONLINE bat=84.6 LIVE (17.2,-1.2) hops=3 | E READY (-2.0,-2.0) F READY (-2.0,2.0) | mem=7 events=[(2, 1, 'STANDOFF'), (4, 1, 'STANDOFF/DEAD END'), (5, 4, 'STANDOFF/CORRIDOR'), (7, 3, 'STANDOFF')] unreach=[]
  114s EXPLORING | link=ONLINE age=1 | W ONLINE bat=84.3 LIVE (16.2,-1.6) hops=3 | E READY (-2.0,-2.0) F READY (-2.0,2.0) | mem=7 events=[(2, 1, 'STANDOFF'), (4, 1, 'STANDOFF/DEAD END'), (5, 4, 'STANDOFF/CORRIDOR'), (7, 3, 'STANDOFF')] unreach=[]
  116s EXPLORING | link=ONLINE age=1 | W ONLINE bat=83.9 LIVE (15.4,-1.3) hops=2 | E READY (-2.0,-2.0) F READY (-2.0,2.0) | mem=7 events=[(2, 1, 'STANDOFF'), (4, 1, 'STANDOFF/DEAD END'), (5, 4, 'STANDOFF/CORRIDOR'), (7, 3, 'STANDOFF')] unreach=[]
  118s EXPLORING | link=ONLINE age=2 | W ONLINE bat=83.6 LIVE (15.1,-0.4) hops=3 | E READY (-2.0,-2.0) F READY (-2.0,2.0) | mem=7 events=[(2, 1, 'STANDOFF'), (4, 1, 'STANDOFF/DEAD END'), (5, 4, 'STANDOFF/CORRIDOR'), (7, 3, 'STANDOFF')] unreach=[]
  120s STICKING_WRITER | link=ONLINE age=2 | W ONLINE bat=83.2 LIVE (14.8,0.7) hops=2 | E READY (-2.0,-2.0) F READY (-2.0,2.0) | mem=8 events=[(2, 1, 'STANDOFF'), (4, 1, 'STANDOFF/DEAD END'), (5, 4, 'STANDOFF/CORRIDOR'), (7, 3, 'STANDOFF'), (8, 2, 'STANDOFF/CORRIDOR')] unreach=[]
  122s MEMORY_PRESERVED | link=ONLINE age=2 | W STUCK bat=83.0 LIVE (14.5,1.1) hops=2 | E READY (-2.0,-1.9) F READY (-2.0,2.1) | mem=8 events=[(2, 1, 'STANDOFF'), (4, 1, 'STANDOFF/DEAD END'), (5, 4, 'STANDOFF/CORRIDOR'), (7, 3, 'STANDOFF'), (8, 2, 'STANDOFF/CORRIDOR')] unreach=[]
  124s MEMORY_PRESERVED | link=ONLINE age=2 | W STUCK bat=82.9 LIVE (14.5,1.1) hops=2 | E READY (-2.0,-1.9) F NAVIGATING (-1.8,2.0) | mem=8 events=[(2, 1, 'STANDOFF'), (4, 1, 'STANDOFF/DEAD END'), (5, 4, 'STANDOFF/CORRIDOR'), (7, 3, 'STANDOFF'), (8, 2, 'STANDOFF/CORRIDOR')] unreach=[]
  126s EXECUTING | link=ONLINE age=2 | W STUCK bat=82.9 LIVE (14.5,1.1) hops=2 | E NAVIGATING (-1.9,-1.9) F NAVIGATING (-1.3,1.9) | mem=8 events=[(2, 1, 'STANDOFF'), (4, 1, 'STANDOFF/DEAD END'), (5, 4, 'STANDOFF/CORRIDOR'), (7, 3, 'STANDOFF'), (8, 2, 'STANDOFF/CORRIDOR')] unreach=[]
  128s EXECUTING | link=ONLINE age=2 | W STUCK bat=82.8 LIVE (14.5,1.1) hops=2 | E NAVIGATING (-1.2,-1.9) F NAVIGATING (-0.6,1.6) | mem=8 events=[(2, 1, 'STANDOFF'), (4, 1, 'STANDOFF/DEAD END'), (5, 4, 'STANDOFF/CORRIDOR'), (7, 3, 'STANDOFF'), (8, 2, 'STANDOFF/CORRIDOR')] unreach=[]
  130s EXECUTING | link=ONLINE age=2 | W STUCK bat=82.7 LIVE (14.5,1.1) hops=2 | E NAVIGATING (-0.5,-2.0) F NAVIGATING (-0.1,1.2) | mem=8 events=[(2, 1, 'STANDOFF'), (4, 1, 'STANDOFF/DEAD END'), (5, 4, 'STANDOFF/CORRIDOR'), (7, 3, 'STANDOFF'), (8, 2, 'STANDOFF/CORRIDOR')] unreach=[]
  132s EXECUTING | link=ONLINE age=2 | W STUCK bat=82.7 LIVE (14.5,1.1) hops=2 | E NAVIGATING (0.2,-2.1) F NAVIGATING (0.3,0.7) | mem=8 events=[(2, 1, 'STANDOFF'), (4, 1, 'STANDOFF/DEAD END'), (5, 4, 'STANDOFF/CORRIDOR'), (7, 3, 'STANDOFF'), (8, 2, 'STANDOFF/CORRIDOR')] unreach=[]
  134s EXECUTING | link=ONLINE age=2 | W STUCK bat=82.6 LIVE (14.5,1.1) hops=2 | E NAVIGATING (0.9,-2.1) F NAVIGATING (0.7,0.1) | mem=8 events=[(2, 1, 'STANDOFF'), (4, 1, 'STANDOFF/DEAD END'), (5, 4, 'STANDOFF/CORRIDOR'), (7, 3, 'STANDOFF'), (8, 2, 'STANDOFF/CORRIDOR')] unreach=[]
  136s EXECUTING | link=ONLINE age=2 | W STUCK bat=82.6 LIVE (14.5,1.1) hops=2 | E NAVIGATING (1.6,-2.3) F NAVIGATING (1.0,-0.6) | mem=8 events=[(2, 1, 'STANDOFF'), (4, 1, 'STANDOFF/DEAD END'), (5, 4, 'STANDOFF/CORRIDOR'), (7, 3, 'STANDOFF'), (8, 2, 'STANDOFF/CORRIDOR')] unreach=[]
  138s EXECUTING | link=ONLINE age=2 | W STUCK bat=82.5 LIVE (14.5,1.1) hops=2 | E NAVIGATING (2.2,-2.5) F NAVIGATING (1.2,-1.2) | mem=8 events=[(2, 1, 'STANDOFF'), (4, 1, 'STANDOFF/DEAD END'), (5, 4, 'STANDOFF/CORRIDOR'), (7, 3, 'STANDOFF'), (8, 2, 'STANDOFF/CORRIDOR')] unreach=[]
  140s EXECUTING | link=ONLINE age=2 | W STUCK bat=82.4 LIVE (14.5,1.1) hops=2 | E NAVIGATING (2.7,-2.7) F NAVIGATING (1.4,-1.7) | mem=8 events=[(2, 1, 'STANDOFF'), (4, 1, 'STANDOFF/DEAD END'), (5, 4, 'STANDOFF/CORRIDOR'), (7, 3, 'STANDOFF'), (8, 2, 'STANDOFF/CORRIDOR')] unreach=[]
  142s EXECUTING | link=ONLINE age=2 | W STUCK bat=82.4 LIVE (14.5,1.1) hops=2 | E NAVIGATING (3.5,-2.7) F NAVIGATING (1.9,-2.2) | mem=8 events=[(2, 1, 'STANDOFF'), (4, 1, 'STANDOFF/DEAD END'), (5, 4, 'STANDOFF/CORRIDOR'), (7, 3, 'STANDOFF'), (8, 2, 'STANDOFF/CORRIDOR')] unreach=[]
  144s EXECUTING | link=ONLINE age=2 | W STUCK bat=82.3 LIVE (14.5,1.1) hops=2 | E NAVIGATING (4.1,-2.4) F NAVIGATING (2.5,-2.5) | mem=8 events=[(2, 1, 'STANDOFF'), (4, 1, 'STANDOFF/DEAD END'), (5, 4, 'STANDOFF/CORRIDOR'), (7, 3, 'STANDOFF'), (8, 2, 'STANDOFF/CORRIDOR')] unreach=[]
  146s EXECUTING | link=ONLINE age=2 | W STUCK bat=82.3 LIVE (14.5,1.1) hops=2 | E NAVIGATING (4.5,-1.8) F NAVIGATING (3.2,-2.8) | mem=8 events=[(2, 1, 'STANDOFF'), (4, 1, 'STANDOFF/DEAD END'), (5, 4, 'STANDOFF/CORRIDOR'), (7, 3, 'STANDOFF'), (8, 2, 'STANDOFF/CORRIDOR')] unreach=[]
  148s EXECUTING | link=ONLINE age=2 | W STUCK bat=82.2 LIVE (14.5,1.1) hops=2 | E NAVIGATING (4.7,-1.2) F NAVIGATING (3.8,-3.0) | mem=8 events=[(2, 1, 'STANDOFF'), (4, 1, 'STANDOFF/DEAD END'), (5, 4, 'STANDOFF/CORRIDOR'), (7, 3, 'STANDOFF'), (8, 2, 'STANDOFF/CORRIDOR')] unreach=[]
  150s EXECUTING | link=ONLINE age=2 | W STUCK bat=82.1 LIVE (14.5,1.1) hops=2 | E NAVIGATING (5.2,-0.7) F NAVIGATING (4.5,-3.3) | mem=8 events=[(2, 1, 'STANDOFF'), (4, 1, 'STANDOFF/DEAD END'), (5, 4, 'STANDOFF/CORRIDOR'), (7, 3, 'STANDOFF'), (8, 2, 'STANDOFF/CORRIDOR')] unreach=[]
  152s EXECUTING | link=ONLINE age=2 | W STUCK bat=82.1 LIVE (14.5,1.1) hops=2 | E NAVIGATING (5.7,-0.6) F NAVIGATING (5.0,-3.5) | mem=8 events=[(2, 1, 'STANDOFF'), (4, 1, 'STANDOFF/DEAD END'), (5, 4, 'STANDOFF/CORRIDOR'), (7, 3, 'STANDOFF'), (8, 2, 'STANDOFF/CORRIDOR')] unreach=[]
  154s EXECUTING | link=ONLINE age=2 | W STUCK bat=82.0 LIVE (14.5,1.1) hops=2 | E NAVIGATING (6.4,-0.5) F NAVIGATING (5.6,-3.7) | mem=8 events=[(2, 1, 'STANDOFF'), (4, 1, 'STANDOFF/DEAD END'), (5, 4, 'STANDOFF/CORRIDOR'), (7, 3, 'STANDOFF'), (8, 2, 'STANDOFF/CORRIDOR')] unreach=[]
  156s EXECUTING | link=ONLINE age=2 | W STUCK bat=82.0 LIVE (14.5,1.1) hops=2 | E NAVIGATING (7.1,-0.7) F NAVIGATING (6.3,-3.7) | mem=8 events=[(2, 1, 'STANDOFF'), (4, 1, 'STANDOFF/DEAD END'), (5, 4, 'STANDOFF/CORRIDOR'), (7, 3, 'STANDOFF'), (8, 2, 'STANDOFF/CORRIDOR')] unreach=[]
  158s EXECUTING | link=ONLINE age=2 | W STUCK bat=81.9 LIVE (14.5,1.1) hops=2 | E NAVIGATING (7.7,-0.5) F NAVIGATING (7.0,-3.5) | mem=8 events=[(2, 1, 'STANDOFF'), (4, 1, 'STANDOFF/DEAD END'), (5, 4, 'STANDOFF/CORRIDOR'), (7, 3, 'STANDOFF'), (8, 2, 'STANDOFF/CORRIDOR')] unreach=[]
  160s EXECUTING | link=ONLINE age=2 | W STUCK bat=81.9 LIVE (14.5,1.1) hops=2 | E NAVIGATING (7.9,-0.4) F NAVIGATING (7.7,-3.3) | mem=8 events=[(2, 1, 'STANDOFF'), (4, 1, 'STANDOFF/DEAD END'), (5, 4, 'STANDOFF/CORRIDOR'), (7, 3, 'STANDOFF'), (8, 2, 'STANDOFF/CORRIDOR')] unreach=[]
  162s EXECUTING | link=ONLINE age=2 | W STUCK bat=81.8 LIVE (14.5,1.1) hops=2 | E NAVIGATING (8.0,-0.7) F NAVIGATING (8.4,-3.3) | mem=8 events=[(2, 1, 'STANDOFF'), (4, 1, 'STANDOFF/DEAD END'), (5, 4, 'STANDOFF/CORRIDOR'), (7, 3, 'STANDOFF'), (8, 2, 'STANDOFF/CORRIDOR')] unreach=[]
  164s EXECUTING | link=ONLINE age=2 | W STUCK bat=81.7 LIVE (14.5,1.1) hops=2 | E NAVIGATING (7.7,-1.1) F NAVIGATING (9.1,-3.4) | mem=8 events=[(2, 1, 'STANDOFF'), (4, 1, 'STANDOFF/DEAD END'), (5, 4, 'STANDOFF/CORRIDOR'), (7, 3, 'STANDOFF'), (8, 2, 'STANDOFF/CORRIDOR')] unreach=[]
  166s EXECUTING | link=ONLINE age=2 | W STUCK bat=81.7 LIVE (14.5,1.1) hops=2 | E NAVIGATING (7.8,-1.6) F NAVIGATING (9.6,-3.4) | mem=8 events=[(2, 1, 'STANDOFF'), (4, 1, 'STANDOFF/DEAD END'), (5, 4, 'STANDOFF/CORRIDOR'), (7, 3, 'STANDOFF'), (8, 2, 'STANDOFF/CORRIDOR')] unreach=[]
  168s EXECUTING | link=ONLINE age=2 | W STUCK bat=81.6 LIVE (14.5,1.1) hops=2 | E ASSISTING (7.9,-1.7) F EXTINGUISHING (9.8,-3.4) | mem=8 events=[(2, 1, 'STANDOFF'), (4, 1, 'STANDOFF/DEAD END'), (5, 4, 'STANDOFF/CORRIDOR'), (7, 3, 'STANDOFF'), (8, 2, 'STANDOFF/CORRIDOR')] unreach=[]
  170s EXECUTING | link=ONLINE age=2 | W STUCK bat=81.6 LIVE (14.5,1.1) hops=2 | E NAVIGATING (7.9,-1.8) F EXTINGUISHING (9.8,-3.4) | mem=8 events=[(2, 1, 'STANDOFF'), (4, 1, 'STANDOFF/RESOLVED/DEAD END'), (5, 4, 'STANDOFF/CORRIDOR'), (7, 3, 'STANDOFF'), (8, 2, 'STANDOFF/CORRIDOR')] unreach=[]
  172s EXECUTING | link=ONLINE age=2 | W STUCK bat=81.5 LIVE (14.5,1.1) hops=2 | E NAVIGATING (7.8,-2.3) F MISSION_COMPLETE (9.8,-3.4) | mem=8 events=[(2, 1, 'STANDOFF'), (4, 1, 'STANDOFF/RESOLVED/DEAD END'), (5, 4, 'STANDOFF/RESOLVED/CORRIDOR'), (7, 3, 'STANDOFF'), (8, 2, 'STANDOFF/CORRIDOR')] unreach=[]
  174s EXECUTING | link=ONLINE age=2 | W STUCK bat=81.5 LIVE (14.5,1.1) hops=2 | E NAVIGATING (7.7,-2.9) F MISSION_COMPLETE (9.2,-3.2) | mem=8 events=[(2, 1, 'STANDOFF'), (4, 1, 'STANDOFF/RESOLVED/DEAD END'), (5, 4, 'STANDOFF/RESOLVED/CORRIDOR'), (7, 3, 'STANDOFF'), (8, 2, 'STANDOFF/CORRIDOR')] unreach=[]
  176s EXECUTING | link=ONLINE age=2 | W STUCK bat=81.4 LIVE (14.5,1.1) hops=2 | E ASSISTING (7.2,-3.3) F MISSION_COMPLETE (8.8,-3.3) | mem=8 events=[(2, 1, 'STANDOFF'), (4, 1, 'STANDOFF/RESOLVED/DEAD END'), (5, 4, 'STANDOFF/RESOLVED/CORRIDOR'), (7, 3, 'STANDOFF'), (8, 2, 'STANDOFF/CORRIDOR')] unreach=[]
  178s EXECUTING | link=ONLINE age=2 | W STUCK bat=81.4 LIVE (14.5,1.1) hops=2 | E ASSISTING (7.0,-3.0) F MISSION_COMPLETE (8.5,-3.3) | mem=8 events=[(2, 1, 'STANDOFF'), (4, 1, 'STANDOFF/RESOLVED/DEAD END'), (5, 4, 'STANDOFF/RESOLVED/CORRIDOR'), (7, 3, 'STANDOFF'), (8, 2, 'STANDOFF/CORRIDOR')] unreach=[]
  180s COMPLETE | link=ONLINE age=2 | W STUCK bat=81.3 LIVE (14.5,1.1) hops=2 | E MISSION_COMPLETE (6.7,-2.8) F MISSION_COMPLETE (8.2,-3.2) | mem=8 events=[(2, 1, 'STANDOFF/RESOLVED'), (4, 1, 'STANDOFF/RESOLVED/DEAD END'), (5, 4, 'STANDOFF/RESOLVED/CORRIDOR'), (7, 3, 'STANDOFF'), (8, 2, 'STANDOFF/CORRIDOR')] unreach=[]
MSG Mission complete: the fire robot put the fire out and the rescue robot reached and assisted 2 victims in priority order; each marked its beacon resolved. Extraction is outside Phase 1.
EXEC 8 inherited memories; B004 now advertises RESOLVED; B002 now advertises RESOLVED; 2 hazards kept out
MISSIONS {'executor': {'map_age_s': 0.2, 'map_included': True, 'mission_id': 1, 'objective': 'In priority order (B004, B002), reach and assist each victim using inherited memories.', 'robot_id': 'executor', 'seeded_memories': 8, 'status': 'MISSION COMPLETE', 'target_beacon_id': 4, 'target_beacon_ids': [4, 2], 'target_event': 'VICTIM @ B004 → VICTIM @ B002', 'target_type': 1}, 'firebot': {'map_age_s': 0.3, 'map_included': True, 'mission_id': 1, 'objective': 'In priority order (B005), reach and extinguish each fire using inherited memories.', 'robot_id': 'firebot', 'seeded_memories': 8, 'status': 'MISSION COMPLETE', 'target_beacon_id': 5, 'target_beacon_ids': [5], 'target_event': 'FIRE @ B005', 'target_type': 4}}
  T 20:36:12 Writer immobilised (fault injection); it keeps reporting and relaying.
  T 20:36:12 Waiting for STUCK telemetry relayed over the mesh
  T 20:36:12 Writer stuck but alive; memories and relay survive
  T 20:36:12 Decision: WHO = firebot (fire robot); WHAT = FIRE B005 (severity 5, 92%, fresh). HOW is left to the robot.
  T 20:36:12 Decision: WHO = executor (rescue robot); WHAT = VICTIM B004 (severity 4, 90%, fresh) then VICTIM B002 (severity 3, 96%, fresh). HOW is left to the robot.
  T 20:36:12 Gas: no robot can neutralise it; every robot keeps it out of its route.
  T 20:36:12 Sent dispatch through the gateway uplink
  T 20:36:14 Mission brief, memory seed and map delivered to Executor
  T 20:36:14 Sent dispatch through the gateway uplink
  T 20:36:16 Mission brief, memory seed and map delivered to Executor
  T 20:36:16 Briefed the fire robot and rescue robot; each navigates with its own logic from inherited memories
  T 20:37:11 Mission complete: the fire robot put the fire out and the rescue robot reached and assisted 2 victims in priority order; each marked its beacon resolved. Extraction is outside Phase 1.
  B001 t=0 ENTRANCE               at (0.00,0.00) tgt=(None,None) prev=0 next=2 hops=1 {'bearing_deg': -31.0, 'compass': 'ESE', 'compass_deg': 103.0, 'range_m': 4.72, 'to': 'B002'}
  B002 t=1 STANDOFF/RESOLVED      at (4.04,-2.43) tgt=(6.01,-2.2) prev=1 next=3 hops=1 {'bearing_deg': 6.5, 'compass': 'ENE', 'compass_deg': 65.5, 'range_m': 1.98, 'to': 'victim'}
  B003 t=0 JUNCTION               at (4.56,1.76) tgt=(None,None) prev=2 next=4 hops=2 {'bearing_deg': -31.0, 'compass': 'ESE', 'compass_deg': 103.0, 'range_m': 4.07, 'to': 'B004'}
  B004 t=1 STANDOFF/RESOLVED/DEAD END at (8.06,-0.34) tgt=(9.5,-1.8) prev=3 next=5 hops=2 {'bearing_deg': -45.3, 'compass': 'ESE', 'compass_deg': 117.3, 'range_m': 2.05, 'to': 'victim'}
  B005 t=4 STANDOFF/RESOLVED/CORRIDOR at (11.28,-1.75) tgt=(12.5,-3.9) prev=4 next=6 hops=2 {'bearing_deg': -60.3, 'compass': 'SE', 'compass_deg': 132.3, 'range_m': 2.47, 'to': 'fire'}
  B006 t=0 JUNCTION               at (14.84,-1.97) tgt=(None,None) prev=5 next=7 hops=2 {'bearing_deg': 21.6, 'compass': 'NE', 'compass_deg': 50.4, 'range_m': 4.57, 'to': 'B007'}
  B007 t=3 STANDOFF               at (19.08,-0.28) tgt=(18.5,1.0) prev=6 next=8 hops=3 {'bearing_deg': 114.5, 'compass': 'NW', 'compass_deg': 317.5, 'range_m': 1.41, 'to': 'blocked path'}
  B008 t=2 STANDOFF/CORRIDOR      at (15.02,0.16) tgt=(14.5,3.11) prev=7 next=0 hops=3 {'bearing_deg': 99.9, 'compass': 'NNW', 'compass_deg': 332.1, 'range_m': 2.99, 'to': 'gas hazard'}
