    0s STARTING | link=ONLINE age=1 | W PAUSED bat=99.3 LIVE (0.0,0.0) hops=1 | E READY (-2.0,-2.0) F READY (-2.0,2.0) | mem=0 events=[] unreach=[]
    2s EXPLORING | link=ONLINE age=1 | W PAUSED bat=99.2 LIVE (0.0,0.0) hops=1 | E READY (-2.0,-2.0) F READY (-2.0,2.0) | mem=0 events=[] unreach=[]
    4s EXPLORING | link=ONLINE age=1 | W ONLINE bat=99.1 LIVE (0.0,0.0) hops=1 | E READY (-2.0,-2.0) F READY (-2.0,2.0) | mem=1 events=[] unreach=[]
    6s EXPLORING | link=ONLINE age=1 | W ONLINE bat=98.8 LIVE (1.0,0.0) hops=1 | E READY (-2.0,-2.0) F READY (-2.0,2.0) | mem=1 events=[] unreach=[]
    8s EXPLORING | link=ONLINE age=1 | W ONLINE bat=98.7 LIVE (1.1,0.0) hops=1 | E READY (-2.0,-2.0) F READY (-2.0,2.0) | mem=1 events=[] unreach=[]
   10s EXPLORING | link=ONLINE age=1 | W ONLINE bat=98.4 LIVE (1.7,-0.5) hops=1 | E READY (-2.0,-2.0) F READY (-2.0,2.0) | mem=1 events=[] unreach=[]
   12s EXPLORING | link=ONLINE age=1 | W ONLINE bat=98.0 LIVE (2.4,-1.4) hops=1 | E READY (-2.0,-2.0) F READY (-2.0,2.0) | mem=1 events=[] unreach=[]
   14s EXPLORING | link=ONLINE age=1 | W ONLINE bat=97.6 LIVE (3.3,-2.0) hops=1 | E READY (-2.0,-2.0) F READY (-2.0,2.0) | mem=1 events=[] unreach=[]
   16s EXPLORING | link=ONLINE age=1 | W ONLINE bat=97.2 LIVE (4.3,-2.5) hops=1 | E READY (-2.0,-2.0) F READY (-2.0,2.0) | mem=2 events=[(2, 1, 'STANDOFF')] unreach=[]
   18s EXPLORING | link=ONLINE age=1 | W ONLINE bat=96.9 LIVE (5.0,-2.9) hops=1 | E READY (-2.0,-2.0) F READY (-2.0,2.0) | mem=2 events=[(2, 1, 'STANDOFF')] unreach=[]
   20s EXPLORING | link=ONLINE age=1 | W ONLINE bat=96.5 LIVE (6.0,-3.4) hops=1 | E READY (-2.0,-2.0) F READY (-2.0,2.0) | mem=2 events=[(2, 1, 'STANDOFF')] unreach=[]
   22s EXPLORING | link=ONLINE age=1 | W ONLINE bat=96.2 LIVE (7.0,-3.8) hops=1 | E READY (-2.0,-2.0) F READY (-2.0,2.0) | mem=3 events=[(2, 1, 'STANDOFF')] unreach=[]
   24s EXPLORING | link=ONLINE age=1 | W ONLINE bat=95.9 LIVE (7.4,-4.1) hops=1 | E READY (-2.0,-2.0) F READY (-2.0,2.0) | mem=3 events=[(2, 1, 'STANDOFF')] unreach=[]
   26s EXPLORING | link=ONLINE age=1 | W ONLINE bat=95.7 LIVE (8.1,-3.9) hops=1 | E READY (-2.0,-2.0) F READY (-2.0,2.0) | mem=3 events=[(2, 1, 'STANDOFF')] unreach=[]
   28s EXPLORING | link=ONLINE age=1 | W ONLINE bat=95.3 LIVE (9.1,-3.5) hops=1 | E READY (-2.0,-2.0) F READY (-2.0,2.0) | mem=4 events=[(2, 1, 'STANDOFF'), (4, 1, 'STANDOFF/DEAD END')] unreach=[]
   30s EXPLORING | link=ONLINE age=1 | W ONLINE bat=94.9 LIVE (10.1,-3.1) hops=1 | E READY (-2.0,-2.0) F READY (-2.0,2.0) | mem=5 events=[(2, 1, 'STANDOFF'), (4, 1, 'STANDOFF/DEAD END'), (5, 4, 'STANDOFF/DEAD END')] unreach=[]
   32s EXPLORING | link=ONLINE age=1 | W ONLINE bat=94.5 LIVE (11.2,-2.7) hops=2 | E READY (-2.0,-2.0) F READY (-2.0,2.0) | mem=5 events=[(2, 1, 'STANDOFF'), (4, 1, 'STANDOFF/DEAD END'), (5, 4, 'STANDOFF/DEAD END')] unreach=[]
   34s EXPLORING | link=ONLINE age=1 | W ONLINE bat=94.2 LIVE (11.9,-2.4) hops=2 | E READY (-2.0,-2.0) F READY (-2.0,2.0) | mem=5 events=[(2, 1, 'STANDOFF'), (4, 1, 'STANDOFF/DEAD END'), (5, 4, 'STANDOFF/DEAD END')] unreach=[]
   36s EXPLORING | link=ONLINE age=1 | W ONLINE bat=93.9 LIVE (12.7,-2.0) hops=2 | E READY (-2.0,-2.0) F READY (-2.0,2.0) | mem=5 events=[(2, 1, 'STANDOFF'), (4, 1, 'STANDOFF/DEAD END'), (5, 4, 'STANDOFF/DEAD END')] unreach=[]
   38s EXPLORING | link=ONLINE age=1 | W ONLINE bat=93.8 LIVE (12.7,-2.0) hops=2 | E READY (-2.0,-2.0) F READY (-2.0,2.0) | mem=5 events=[(2, 1, 'STANDOFF'), (4, 1, 'STANDOFF/DEAD END'), (5, 4, 'STANDOFF/DEAD END')] unreach=[]
   40s EXPLORING | link=ONLINE age=2 | W ONLINE bat=93.8 LIVE (12.7,-2.0) hops=2 | E READY (-2.0,-2.0) F READY (-2.0,2.0) | mem=5 events=[(2, 1, 'STANDOFF'), (4, 1, 'STANDOFF/DEAD END'), (5, 4, 'STANDOFF/DEAD END')] unreach=[]
   42s EXPLORING | link=ONLINE age=1 | W ONLINE bat=93.3 LIVE (11.6,-1.8) hops=2 | E READY (-2.0,-2.0) F READY (-2.0,2.0) | mem=5 events=[(2, 1, 'STANDOFF'), (4, 1, 'STANDOFF/DEAD END'), (5, 4, 'STANDOFF/DEAD END')] unreach=[]
   44s EXPLORING | link=ONLINE age=1 | W ONLINE bat=93.0 LIVE (10.6,-1.4) hops=2 | E READY (-2.0,-2.0) F READY (-2.0,2.0) | mem=5 events=[(2, 1, 'STANDOFF'), (4, 1, 'STANDOFF/DEAD END'), (5, 4, 'STANDOFF/DEAD END')] unreach=[]
   46s EXPLORING | link=ONLINE age=1 | W ONLINE bat=92.6 LIVE (9.7,-0.7) hops=2 | E READY (-2.0,-2.0) F READY (-2.0,2.0) | mem=5 events=[(2, 1, 'STANDOFF'), (4, 1, 'STANDOFF/DEAD END'), (5, 4, 'STANDOFF/DEAD END')] unreach=[]
   48s EXPLORING | link=ONLINE age=1 | W ONLINE bat=92.3 LIVE (9.0,-0.3) hops=2 | E READY (-2.0,-2.0) F READY (-2.0,2.0) | mem=5 events=[(2, 1, 'STANDOFF'), (4, 1, 'STANDOFF/DEAD END'), (5, 4, 'STANDOFF/DEAD END')] unreach=[]
   50s EXPLORING | link=ONLINE age=1 | W ONLINE bat=91.9 LIVE (8.0,0.1) hops=2 | E READY (-2.0,-2.0) F READY (-2.0,2.0) | mem=5 events=[(2, 1, 'STANDOFF'), (4, 1, 'STANDOFF/DEAD END'), (5, 4, 'STANDOFF/DEAD END')] unreach=[]
   52s EXPLORING | link=ONLINE age=1 | W ONLINE bat=91.5 LIVE (6.9,0.2) hops=2 | E READY (-2.0,-2.0) F READY (-2.0,2.0) | mem=5 events=[(2, 1, 'STANDOFF'), (4, 1, 'STANDOFF/DEAD END'), (5, 4, 'STANDOFF/DEAD END')] unreach=[]
   54s EXPLORING | link=ONLINE age=1 | W ONLINE bat=91.1 LIVE (5.8,0.2) hops=2 | E READY (-2.0,-2.0) F READY (-2.0,2.0) | mem=5 events=[(2, 1, 'STANDOFF'), (4, 1, 'STANDOFF/DEAD END'), (5, 4, 'STANDOFF/DEAD END')] unreach=[]
   56s EXPLORING | link=ONLINE age=1 | W ONLINE bat=90.7 LIVE (4.7,0.4) hops=2 | E READY (-2.0,-2.0) F READY (-2.0,2.0) | mem=5 events=[(2, 1, 'STANDOFF'), (4, 1, 'STANDOFF/DEAD END'), (5, 4, 'STANDOFF/DEAD END')] unreach=[]
   58s EXPLORING | link=ONLINE age=1 | W ONLINE bat=90.3 LIVE (4.3,1.3) hops=2 | E READY (-2.0,-2.0) F READY (-2.0,2.0) | mem=6 events=[(2, 1, 'STANDOFF'), (4, 1, 'STANDOFF/DEAD END'), (5, 4, 'STANDOFF/DEAD END')] unreach=[]
   60s EXPLORING | link=ONLINE age=1 | W ONLINE bat=89.9 LIVE (4.9,2.3) hops=2 | E READY (-2.0,-2.0) F READY (-2.0,2.0) | mem=6 events=[(2, 1, 'STANDOFF'), (4, 1, 'STANDOFF/DEAD END'), (5, 4, 'STANDOFF/DEAD END')] unreach=[]
   62s EXPLORING | link=ONLINE age=1 | W ONLINE bat=89.6 LIVE (5.6,3.1) hops=2 | E READY (-2.0,-2.0) F READY (-2.0,2.0) | mem=6 events=[(2, 1, 'STANDOFF'), (4, 1, 'STANDOFF/DEAD END'), (5, 4, 'STANDOFF/DEAD END')] unreach=[]
   64s EXPLORING | link=ONLINE age=1 | W ONLINE bat=89.4 LIVE (5.9,3.5) hops=3 | E READY (-2.0,-2.0) F READY (-2.0,2.0) | mem=6 events=[(2, 1, 'STANDOFF'), (4, 1, 'STANDOFF/DEAD END'), (5, 4, 'STANDOFF/DEAD END')] unreach=[]
   66s EXPLORING | link=ONLINE age=1 | W ONLINE bat=89.3 LIVE (6.0,3.5) hops=3 | E READY (-2.0,-2.0) F READY (-2.0,2.0) | mem=6 events=[(2, 1, 'STANDOFF'), (4, 1, 'STANDOFF/DEAD END'), (5, 4, 'STANDOFF/DEAD END')] unreach=[]
   68s EXPLORING | link=ONLINE age=1 | W ONLINE bat=89.1 LIVE (6.0,3.2) hops=3 | E READY (-2.0,-2.0) F READY (-2.0,2.0) | mem=6 events=[(2, 1, 'STANDOFF'), (4, 1, 'STANDOFF/DEAD END'), (5, 4, 'STANDOFF/DEAD END')] unreach=[]
   70s EXPLORING | link=ONLINE age=1 | W ONLINE bat=88.8 LIVE (5.4,2.2) hops=2 | E READY (-2.0,-2.0) F READY (-2.0,2.0) | mem=6 events=[(2, 1, 'STANDOFF'), (4, 1, 'STANDOFF/DEAD END'), (5, 4, 'STANDOFF/DEAD END')] unreach=[]
   72s EXPLORING | link=ONLINE age=1 | W ONLINE bat=88.4 LIVE (4.6,1.5) hops=2 | E READY (-2.0,-2.0) F READY (-2.0,2.0) | mem=6 events=[(2, 1, 'STANDOFF'), (4, 1, 'STANDOFF/DEAD END'), (5, 4, 'STANDOFF/DEAD END')] unreach=[]
   74s EXPLORING | link=ONLINE age=1 | W ONLINE bat=88.0 LIVE (4.4,0.6) hops=2 | E READY (-2.0,-2.0) F READY (-2.0,2.0) | mem=6 events=[(2, 1, 'STANDOFF'), (4, 1, 'STANDOFF/DEAD END'), (5, 4, 'STANDOFF/DEAD END')] unreach=[]
   76s EXPLORING | link=ONLINE age=1 | W ONLINE bat=87.6 LIVE (5.3,0.1) hops=2 | E READY (-2.0,-2.0) F READY (-2.0,2.0) | mem=6 events=[(2, 1, 'STANDOFF'), (4, 1, 'STANDOFF/DEAD END'), (5, 4, 'STANDOFF/DEAD END')] unreach=[]
   78s EXPLORING | link=ONLINE age=1 | W ONLINE bat=87.3 LIVE (6.4,0.1) hops=2 | E READY (-2.0,-2.0) F READY (-2.0,2.0) | mem=6 events=[(2, 1, 'STANDOFF'), (4, 1, 'STANDOFF/DEAD END'), (5, 4, 'STANDOFF/DEAD END')] unreach=[]
   80s EXPLORING | link=ONLINE age=1 | W ONLINE bat=86.9 LIVE (7.5,0.2) hops=2 | E READY (-2.0,-2.0) F READY (-2.0,2.0) | mem=6 events=[(2, 1, 'STANDOFF'), (4, 1, 'STANDOFF/DEAD END'), (5, 4, 'STANDOFF/DEAD END')] unreach=[]
   82s EXPLORING | link=ONLINE age=1 | W ONLINE bat=86.5 LIVE (8.6,0.2) hops=2 | E READY (-2.0,-2.0) F READY (-2.0,2.0) | mem=6 events=[(2, 1, 'STANDOFF'), (4, 1, 'STANDOFF/DEAD END'), (5, 4, 'STANDOFF/DEAD END')] unreach=[]
   84s EXPLORING | link=ONLINE age=1 | W ONLINE bat=86.2 LIVE (9.4,0.2) hops=2 | E READY (-2.0,-2.0) F READY (-2.0,2.0) | mem=7 events=[(2, 1, 'STANDOFF'), (4, 1, 'STANDOFF/DEAD END'), (5, 4, 'STANDOFF/DEAD END')] unreach=[]
   86s EXPLORING | link=ONLINE age=2 | W ONLINE bat=86.0 LIVE (10.0,0.2) hops=2 | E READY (-2.0,-2.0) F READY (-2.0,2.0) | mem=7 events=[(2, 1, 'STANDOFF'), (4, 1, 'STANDOFF/DEAD END'), (5, 4, 'STANDOFF/DEAD END')] unreach=[]
   88s EXPLORING | link=ONLINE age=1 | W ONLINE bat=85.4 LIVE (11.6,0.2) hops=2 | E READY (-2.0,-2.0) F READY (-2.0,2.0) | mem=7 events=[(2, 1, 'STANDOFF'), (4, 1, 'STANDOFF/DEAD END'), (5, 4, 'STANDOFF/DEAD END')] unreach=[]
   90s EXPLORING | link=ONLINE age=1 | W ONLINE bat=85.0 LIVE (12.7,0.2) hops=2 | E READY (-2.0,-2.0) F READY (-2.0,2.0) | mem=8 events=[(2, 1, 'STANDOFF'), (4, 1, 'STANDOFF/DEAD END'), (5, 4, 'STANDOFF/DEAD END')] unreach=[]
   92s EXPLORING | link=ONLINE age=1 | W ONLINE bat=84.7 LIVE (13.5,0.5) hops=2 | E READY (-2.0,-2.0) F READY (-2.0,2.0) | mem=9 events=[(2, 1, 'STANDOFF'), (4, 1, 'STANDOFF/DEAD END'), (5, 4, 'STANDOFF/DEAD END'), (9, 2, 'STANDOFF/CORRIDOR')] unreach=[]
   94s EXPLORING | link=ONLINE age=1 | W ONLINE bat=84.3 LIVE (14.3,1.3) hops=2 | E READY (-2.0,-2.0) F READY (-2.0,2.0) | mem=9 events=[(2, 1, 'STANDOFF'), (4, 1, 'STANDOFF/DEAD END'), (5, 4, 'STANDOFF/DEAD END'), (9, 2, 'STANDOFF/CORRIDOR')] unreach=[]
   96s EXPLORING | link=ONLINE age=1 | W ONLINE bat=84.2 LIVE (14.5,1.6) hops=2 | E READY (-2.0,-2.0) F READY (-2.0,2.0) | mem=9 events=[(2, 1, 'STANDOFF'), (4, 1, 'STANDOFF/DEAD END'), (5, 4, 'STANDOFF/DEAD END'), (9, 2, 'STANDOFF/CORRIDOR')] unreach=[]
   98s EXPLORING | link=ONLINE age=1 | W ONLINE bat=84.1 LIVE (14.5,1.6) hops=2 | E READY (-2.0,-2.0) F READY (-2.0,2.0) | mem=9 events=[(2, 1, 'STANDOFF'), (4, 1, 'STANDOFF/DEAD END'), (5, 4, 'STANDOFF/DEAD END'), (9, 2, 'STANDOFF/CORRIDOR')] unreach=[]
  100s EXPLORING | link=ONLINE age=1 | W ONLINE bat=83.9 LIVE (14.7,1.1) hops=2 | E READY (-2.0,-2.0) F READY (-2.0,2.0) | mem=9 events=[(2, 1, 'STANDOFF'), (4, 1, 'STANDOFF/DEAD END'), (5, 4, 'STANDOFF/DEAD END'), (9, 2, 'STANDOFF/CORRIDOR')] unreach=[]
  102s EXPLORING | link=ONLINE age=1 | W ONLINE bat=83.5 LIVE (15.0,0.0) hops=2 | E READY (-2.0,-2.0) F READY (-2.0,2.0) | mem=9 events=[(2, 1, 'STANDOFF'), (4, 1, 'STANDOFF/DEAD END'), (5, 4, 'STANDOFF/DEAD END'), (9, 2, 'STANDOFF/CORRIDOR')] unreach=[]
  104s EXPLORING | link=ONLINE age=1 | W ONLINE bat=83.1 LIVE (15.3,-1.0) hops=3 | E READY (-2.0,-2.0) F READY (-2.0,2.0) | mem=9 events=[(2, 1, 'STANDOFF'), (4, 1, 'STANDOFF/DEAD END'), (5, 4, 'STANDOFF/DEAD END'), (9, 2, 'STANDOFF/CORRIDOR')] unreach=[]
  106s EXPLORING | link=ONLINE age=1 | W ONLINE bat=82.9 LIVE (15.7,-1.6) hops=2 | E READY (-2.0,-2.0) F READY (-2.0,2.0) | mem=10 events=[(2, 1, 'STANDOFF'), (4, 1, 'STANDOFF/DEAD END'), (5, 4, 'STANDOFF/DEAD END'), (9, 2, 'STANDOFF/CORRIDOR')] unreach=[]
  108s EXPLORING | link=ONLINE age=1 | W ONLINE bat=82.5 LIVE (16.7,-1.5) hops=2 | E READY (-2.0,-2.0) F READY (-2.0,2.0) | mem=10 events=[(2, 1, 'STANDOFF'), (4, 1, 'STANDOFF/DEAD END'), (5, 4, 'STANDOFF/DEAD END'), (9, 2, 'STANDOFF/CORRIDOR')] unreach=[]
  110s EXPLORING | link=ONLINE age=1 | W ONLINE bat=82.1 LIVE (17.7,-1.0) hops=2 | E READY (-2.0,-2.0) F READY (-2.0,2.0) | mem=10 events=[(2, 1, 'STANDOFF'), (4, 1, 'STANDOFF/DEAD END'), (5, 4, 'STANDOFF/DEAD END'), (9, 2, 'STANDOFF/CORRIDOR')] unreach=[]
  112s EXPLORING | link=ONLINE age=1 | W ONLINE bat=81.8 LIVE (18.3,-0.5) hops=2 | E READY (-2.0,-2.0) F READY (-2.0,2.0) | mem=11 events=[(2, 1, 'STANDOFF'), (4, 1, 'STANDOFF/DEAD END'), (5, 4, 'STANDOFF/DEAD END'), (9, 2, 'STANDOFF/CORRIDOR'), (11, 3, 'STANDOFF')] unreach=[]
  114s EXPLORING | link=ONLINE age=1 | W ONLINE bat=81.6 LIVE (18.6,-0.2) hops=2 | E READY (-2.0,-2.0) F READY (-2.0,2.0) | mem=11 events=[(2, 1, 'STANDOFF'), (4, 1, 'STANDOFF/DEAD END'), (5, 4, 'STANDOFF/DEAD END'), (9, 2, 'STANDOFF/CORRIDOR'), (11, 3, 'STANDOFF')] unreach=[]
  116s EXPLORING | link=ONLINE age=1 | W ONLINE bat=81.5 LIVE (18.7,-0.3) hops=2 | E READY (-2.0,-2.0) F READY (-2.0,2.0) | mem=11 events=[(2, 1, 'STANDOFF'), (4, 1, 'STANDOFF/DEAD END'), (5, 4, 'STANDOFF/DEAD END'), (9, 2, 'STANDOFF/CORRIDOR'), (11, 3, 'STANDOFF')] unreach=[]
  118s EXPLORING | link=ONLINE age=1 | W ONLINE bat=81.3 LIVE (18.8,-1.0) hops=2 | E READY (-2.0,-2.0) F READY (-2.0,2.0) | mem=11 events=[(2, 1, 'STANDOFF'), (4, 1, 'STANDOFF/DEAD END'), (5, 4, 'STANDOFF/DEAD END'), (9, 2, 'STANDOFF/CORRIDOR'), (11, 3, 'STANDOFF')] unreach=[]
  120s EXPLORING | link=ONLINE age=1 | W ONLINE bat=80.9 LIVE (18.9,-2.1) hops=2 | E READY (-2.0,-2.0) F READY (-2.0,2.0) | mem=11 events=[(2, 1, 'STANDOFF'), (4, 1, 'STANDOFF/DEAD END'), (5, 4, 'STANDOFF/DEAD END'), (9, 2, 'STANDOFF/CORRIDOR'), (11, 3, 'STANDOFF')] unreach=[]
  122s EXPLORING | link=ONLINE age=1 | W ONLINE bat=80.6 LIVE (19.0,-2.8) hops=3 | E READY (-2.0,-2.0) F READY (-2.0,2.0) | mem=11 events=[(2, 1, 'STANDOFF'), (4, 1, 'STANDOFF/DEAD END'), (5, 4, 'STANDOFF/DEAD END'), (9, 2, 'STANDOFF/CORRIDOR'), (11, 3, 'STANDOFF')] unreach=[]
  126s EXPLORING | link=ONLINE age=1 | W ONLINE bat=80.5 LIVE (19.0,-2.8) hops=3 | E READY (-2.0,-2.0) F READY (-2.0,2.0) | mem=11 events=[(2, 1, 'STANDOFF'), (4, 1, 'STANDOFF/DEAD END'), (5, 4, 'STANDOFF/DEAD END'), (9, 2, 'STANDOFF/CORRIDOR'), (11, 3, 'STANDOFF')] unreach=[]
  128s EXPLORING | link=ONLINE age=1 | W ONLINE bat=80.4 LIVE (19.0,-2.8) hops=3 | E READY (-2.0,-2.0) F READY (-2.0,2.0) | mem=11 events=[(2, 1, 'STANDOFF'), (4, 1, 'STANDOFF/DEAD END'), (5, 4, 'STANDOFF/DEAD END'), (9, 2, 'STANDOFF/CORRIDOR'), (11, 3, 'STANDOFF')] unreach=[]
  132s EXPLORING | link=ONLINE age=1 | W ONLINE bat=80.3 LIVE (19.0,-2.7) hops=3 | E READY (-2.0,-2.0) F READY (-2.0,2.0) | mem=11 events=[(2, 1, 'STANDOFF'), (4, 1, 'STANDOFF/DEAD END'), (5, 4, 'STANDOFF/DEAD END'), (9, 2, 'STANDOFF/CORRIDOR'), (11, 3, 'STANDOFF')] unreach=[]
  134s EXPLORING | link=ONLINE age=1 | W ONLINE bat=80.2 LIVE (19.1,-2.5) hops=3 | E READY (-2.0,-2.0) F READY (-2.0,2.0) | mem=11 events=[(2, 1, 'STANDOFF'), (4, 1, 'STANDOFF/DEAD END'), (5, 4, 'STANDOFF/DEAD END'), (9, 2, 'STANDOFF/CORRIDOR'), (11, 3, 'STANDOFF')] unreach=[]
  136s EXPLORING | link=ONLINE age=1 | W ONLINE bat=80.1 LIVE (19.1,-2.7) hops=3 | E READY (-2.0,-2.0) F READY (-2.0,2.0) | mem=11 events=[(2, 1, 'STANDOFF'), (4, 1, 'STANDOFF/DEAD END'), (5, 4, 'STANDOFF/DEAD END'), (9, 2, 'STANDOFF/CORRIDOR'), (11, 3, 'STANDOFF')] unreach=[]
  138s EXPLORING | link=ONLINE age=1 | W ONLINE bat=80.0 LIVE (19.1,-2.7) hops=3 | E READY (-2.0,-2.0) F READY (-2.0,2.0) | mem=11 events=[(2, 1, 'STANDOFF'), (4, 1, 'STANDOFF/DEAD END'), (5, 4, 'STANDOFF/DEAD END'), (9, 2, 'STANDOFF/CORRIDOR'), (11, 3, 'STANDOFF')] unreach=[]
  140s EXPLORING | link=ONLINE age=1 | W ONLINE bat=79.9 LIVE (19.1,-2.7) hops=3 | E READY (-2.0,-2.0) F READY (-2.0,2.0) | mem=11 events=[(2, 1, 'STANDOFF'), (4, 1, 'STANDOFF/DEAD END'), (5, 4, 'STANDOFF/DEAD END'), (9, 2, 'STANDOFF/CORRIDOR'), (11, 3, 'STANDOFF')] unreach=[]
  142s EXPLORING | link=ONLINE age=1 | W ONLINE bat=79.8 LIVE (19.1,-2.9) hops=3 | E READY (-2.0,-2.0) F READY (-2.0,2.0) | mem=11 events=[(2, 1, 'STANDOFF'), (4, 1, 'STANDOFF/DEAD END'), (5, 4, 'STANDOFF/DEAD END'), (9, 2, 'STANDOFF/CORRIDOR'), (11, 3, 'STANDOFF')] unreach=[]
  144s EXPLORING | link=ONLINE age=1 | W ONLINE bat=79.7 LIVE (19.1,-2.9) hops=3 | E READY (-2.0,-2.0) F READY (-2.0,2.0) | mem=11 events=[(2, 1, 'STANDOFF'), (4, 1, 'STANDOFF/DEAD END'), (5, 4, 'STANDOFF/DEAD END'), (9, 2, 'STANDOFF/CORRIDOR'), (11, 3, 'STANDOFF')] unreach=[]
  146s EXPLORING | link=ONLINE age=2 | W ONLINE bat=79.7 LIVE (19.1,-2.9) hops=3 | E READY (-2.0,-2.0) F READY (-2.0,2.0) | mem=11 events=[(2, 1, 'STANDOFF'), (4, 1, 'STANDOFF/DEAD END'), (5, 4, 'STANDOFF/DEAD END'), (9, 2, 'STANDOFF/CORRIDOR'), (11, 3, 'STANDOFF')] unreach=[]
  148s EXPLORING | link=ONLINE age=2 | W ONLINE bat=79.6 LIVE (19.1,-2.9) hops=3 | E READY (-2.0,-2.0) F READY (-2.0,2.0) | mem=11 events=[(2, 1, 'STANDOFF'), (4, 1, 'STANDOFF/DEAD END'), (5, 4, 'STANDOFF/DEAD END'), (9, 2, 'STANDOFF/CORRIDOR'), (11, 3, 'STANDOFF')] unreach=[]
  152s EXPLORING | link=ONLINE age=2 | W ONLINE bat=79.5 LIVE (19.1,-2.9) hops=3 | E READY (-2.0,-2.0) F READY (-2.0,2.0) | mem=11 events=[(2, 1, 'STANDOFF'), (4, 1, 'STANDOFF/DEAD END'), (5, 4, 'STANDOFF/DEAD END'), (9, 2, 'STANDOFF/CORRIDOR'), (11, 3, 'STANDOFF')] unreach=[]
  154s EXPLORING | link=ONLINE age=2 | W ONLINE bat=79.3 LIVE (18.9,-2.4) hops=3 | E READY (-2.0,-2.0) F READY (-2.0,2.0) | mem=11 events=[(2, 1, 'STANDOFF'), (4, 1, 'STANDOFF/DEAD END'), (5, 4, 'STANDOFF/DEAD END'), (9, 2, 'STANDOFF/CORRIDOR'), (11, 3, 'STANDOFF')] unreach=[]
  156s EXPLORING | link=ONLINE age=2 | W ONLINE bat=79.1 LIVE (18.4,-2.1) hops=2 | E READY (-2.0,-2.0) F READY (-2.0,2.0) | mem=11 events=[(2, 1, 'STANDOFF'), (4, 1, 'STANDOFF/DEAD END'), (5, 4, 'STANDOFF/DEAD END'), (9, 2, 'STANDOFF/CORRIDOR'), (11, 3, 'STANDOFF')] unreach=[]
  158s EXPLORING | link=ONLINE age=2 | W ONLINE bat=78.7 LIVE (17.3,-2.1) hops=2 | E READY (-2.0,-2.0) F READY (-2.0,2.0) | mem=11 events=[(2, 1, 'STANDOFF'), (4, 1, 'STANDOFF/DEAD END'), (5, 4, 'STANDOFF/DEAD END'), (9, 2, 'STANDOFF/CORRIDOR'), (11, 3, 'STANDOFF')] unreach=[]
  160s EXPLORING | link=ONLINE age=2 | W ONLINE bat=78.4 LIVE (16.5,-2.0) hops=2 | E READY (-2.0,-2.0) F READY (-2.0,2.0) | mem=11 events=[(2, 1, 'STANDOFF'), (4, 1, 'STANDOFF/DEAD END'), (5, 4, 'STANDOFF/DEAD END'), (9, 2, 'STANDOFF/CORRIDOR'), (11, 3, 'STANDOFF')] unreach=[]
  162s EXPLORING | link=ONLINE age=2 | W ONLINE bat=78.0 LIVE (15.4,-1.9) hops=2 | E READY (-2.0,-2.0) F READY (-2.0,2.0) | mem=11 events=[(2, 1, 'STANDOFF'), (4, 1, 'STANDOFF/DEAD END'), (5, 4, 'STANDOFF/DEAD END'), (9, 2, 'STANDOFF/CORRIDOR'), (11, 3, 'STANDOFF')] unreach=[]
  164s EXPLORING | link=ONLINE age=2 | W ONLINE bat=77.7 LIVE (14.6,-1.8) hops=2 | E READY (-2.0,-2.0) F READY (-2.0,2.0) | mem=11 events=[(2, 1, 'STANDOFF'), (4, 1, 'STANDOFF/DEAD END'), (5, 4, 'STANDOFF/DEAD END'), (9, 2, 'STANDOFF/CORRIDOR'), (11, 3, 'STANDOFF')] unreach=[]
  166s EXPLORING | link=ONLINE age=2 | W ONLINE bat=77.3 LIVE (13.5,-1.8) hops=2 | E READY (-2.0,-2.0) F READY (-2.0,2.0) | mem=11 events=[(2, 1, 'STANDOFF'), (4, 1, 'STANDOFF/DEAD END'), (5, 4, 'STANDOFF/DEAD END'), (9, 2, 'STANDOFF/CORRIDOR'), (11, 3, 'STANDOFF')] unreach=[]
  168s EXPLORING | link=ONLINE age=2 | W ONLINE bat=76.9 LIVE (12.4,-1.8) hops=2 | E READY (-2.0,-2.0) F READY (-2.0,2.0) | mem=11 events=[(2, 1, 'STANDOFF'), (4, 1, 'STANDOFF/DEAD END'), (5, 4, 'STANDOFF/DEAD END'), (9, 2, 'STANDOFF/CORRIDOR'), (11, 3, 'STANDOFF')] unreach=[]
  170s EXPLORING | link=ONLINE age=2 | W ONLINE bat=76.6 LIVE (11.6,-1.8) hops=2 | E READY (-2.0,-2.0) F READY (-2.0,2.0) | mem=11 events=[(2, 1, 'STANDOFF'), (4, 1, 'STANDOFF/DEAD END'), (5, 4, 'STANDOFF/DEAD END'), (9, 2, 'STANDOFF/CORRIDOR'), (11, 3, 'STANDOFF')] unreach=[]
  172s EXPLORING | link=ONLINE age=2 | W ONLINE bat=76.3 LIVE (10.5,-1.4) hops=2 | E READY (-2.0,-2.0) F READY (-2.0,2.0) | mem=11 events=[(2, 1, 'STANDOFF'), (4, 1, 'STANDOFF/DEAD END'), (5, 4, 'STANDOFF/DEAD END'), (9, 2, 'STANDOFF/CORRIDOR'), (11, 3, 'STANDOFF')] unreach=[]
  174s EXPLORING | link=ONLINE age=2 | W ONLINE bat=76.0 LIVE (9.9,-1.0) hops=2 | E READY (-2.0,-2.0) F READY (-2.0,2.0) | mem=11 events=[(2, 1, 'STANDOFF'), (4, 1, 'STANDOFF/DEAD END'), (5, 4, 'STANDOFF/DEAD END'), (9, 2, 'STANDOFF/CORRIDOR'), (11, 3, 'STANDOFF')] unreach=[]
  176s EXPLORING | link=ONLINE age=2 | W ONLINE bat=75.6 LIVE (8.8,-0.8) hops=2 | E READY (-2.0,-2.0) F READY (-2.0,2.0) | mem=11 events=[(2, 1, 'STANDOFF'), (4, 1, 'STANDOFF/DEAD END'), (5, 4, 'STANDOFF/DEAD END'), (9, 2, 'STANDOFF/CORRIDOR'), (11, 3, 'STANDOFF')] unreach=[]
  178s EXPLORING | link=ONLINE age=2 | W ONLINE bat=75.3 LIVE (8.0,-0.8) hops=2 | E READY (-2.0,-2.0) F READY (-2.0,2.0) | mem=11 events=[(2, 1, 'STANDOFF'), (4, 1, 'STANDOFF/DEAD END'), (5, 4, 'STANDOFF/DEAD END'), (9, 2, 'STANDOFF/CORRIDOR'), (11, 3, 'STANDOFF')] unreach=[]
  180s EXPLORING | link=ONLINE age=2 | W ONLINE bat=74.9 LIVE (6.9,-0.9) hops=2 | E READY (-2.0,-2.0) F READY (-2.0,2.0) | mem=11 events=[(2, 1, 'STANDOFF'), (4, 1, 'STANDOFF/DEAD END'), (5, 4, 'STANDOFF/DEAD END'), (9, 2, 'STANDOFF/CORRIDOR'), (11, 3, 'STANDOFF')] unreach=[]
  182s EXPLORING | link=ONLINE age=2 | W ONLINE bat=74.6 LIVE (6.1,-1.0) hops=2 | E READY (-2.0,-2.0) F READY (-2.0,2.0) | mem=11 events=[(2, 1, 'STANDOFF'), (4, 1, 'STANDOFF/DEAD END'), (5, 4, 'STANDOFF/DEAD END'), (9, 2, 'STANDOFF/CORRIDOR'), (11, 3, 'STANDOFF')] unreach=[]
  184s EXPLORING | link=ONLINE age=2 | W ONLINE bat=74.2 LIVE (5.0,-1.2) hops=2 | E READY (-2.0,-2.0) F READY (-2.0,2.0) | mem=11 events=[(2, 1, 'STANDOFF'), (4, 1, 'STANDOFF/DEAD END'), (5, 4, 'STANDOFF/DEAD END'), (9, 2, 'STANDOFF/CORRIDOR'), (11, 3, 'STANDOFF')] unreach=[]
  186s EXPLORING | link=ONLINE age=2 | W ONLINE bat=73.9 LIVE (4.2,-1.4) hops=1 | E READY (-2.0,-2.0) F READY (-2.0,2.0) | mem=11 events=[(2, 1, 'STANDOFF'), (4, 1, 'STANDOFF/DEAD END'), (5, 4, 'STANDOFF/DEAD END'), (9, 2, 'STANDOFF/CORRIDOR'), (11, 3, 'STANDOFF')] unreach=[]
  188s EXPLORING | link=ONLINE age=2 | W ONLINE bat=73.5 LIVE (3.1,-1.6) hops=1 | E READY (-2.0,-2.0) F READY (-2.0,2.0) | mem=11 events=[(2, 1, 'STANDOFF'), (4, 1, 'STANDOFF/DEAD END'), (5, 4, 'STANDOFF/DEAD END'), (9, 2, 'STANDOFF/CORRIDOR'), (11, 3, 'STANDOFF')] unreach=[]
  190s EXPLORING | link=ONLINE age=2 | W ONLINE bat=73.2 LIVE (2.3,-1.5) hops=1 | E READY (-2.0,-2.0) F READY (-2.0,2.0) | mem=11 events=[(2, 1, 'STANDOFF'), (4, 1, 'STANDOFF/DEAD END'), (5, 4, 'STANDOFF/DEAD END'), (9, 2, 'STANDOFF/CORRIDOR'), (11, 3, 'STANDOFF')] unreach=[]
  192s EXPLORING | link=ONLINE age=2 | W ONLINE bat=72.8 LIVE (1.3,-1.0) hops=1 | E READY (-2.0,-2.0) F READY (-2.0,2.0) | mem=11 events=[(2, 1, 'STANDOFF'), (4, 1, 'STANDOFF/DEAD END'), (5, 4, 'STANDOFF/DEAD END'), (9, 2, 'STANDOFF/CORRIDOR'), (11, 3, 'STANDOFF')] unreach=[]
  194s EXPLORING | link=ONLINE age=2 | W ONLINE bat=72.4 LIVE (0.4,-0.3) hops=1 | E READY (-2.0,-2.0) F READY (-2.0,2.0) | mem=11 events=[(2, 1, 'STANDOFF'), (4, 1, 'STANDOFF/DEAD END'), (5, 4, 'STANDOFF/DEAD END'), (9, 2, 'STANDOFF/CORRIDOR'), (11, 3, 'STANDOFF')] unreach=[]
  197s EXPLORING | link=ONLINE age=2 | W ONLINE bat=72.2 LIVE (-0.2,0.1) hops=1 | E READY (-2.0,-2.0) F READY (-2.0,2.0) | mem=11 events=[(2, 1, 'STANDOFF'), (4, 1, 'STANDOFF/DEAD END'), (5, 4, 'STANDOFF/DEAD END'), (9, 2, 'STANDOFF/CORRIDOR'), (11, 3, 'STANDOFF')] unreach=[]
  199s EXPLORING | link=ONLINE age=2 | W ONLINE bat=72.1 LIVE (-0.4,0.2) hops=1 | E READY (-2.0,-2.0) F READY (-2.0,2.0) | mem=11 events=[(2, 1, 'STANDOFF'), (4, 1, 'STANDOFF/DEAD END'), (5, 4, 'STANDOFF/DEAD END'), (9, 2, 'STANDOFF/CORRIDOR'), (11, 3, 'STANDOFF')] unreach=[]
  201s EXPLORING | link=ONLINE age=3 | W ONLINE bat=72.0 LIVE (-0.4,0.2) hops=1 | E READY (-2.0,-2.0) F READY (-2.0,2.0) | mem=11 events=[(2, 1, 'STANDOFF'), (4, 1, 'STANDOFF/DEAD END'), (5, 4, 'STANDOFF/DEAD END'), (9, 2, 'STANDOFF/CORRIDOR'), (11, 3, 'STANDOFF')] unreach=[]
  203s EXPLORING | link=ONLINE age=2 | W ONLINE bat=71.9 LIVE (-0.4,0.2) hops=1 | E READY (-2.0,-2.0) F READY (-2.0,2.0) | mem=11 events=[(2, 1, 'STANDOFF'), (4, 1, 'STANDOFF/DEAD END'), (5, 4, 'STANDOFF/DEAD END'), (9, 2, 'STANDOFF/CORRIDOR'), (11, 3, 'STANDOFF')] unreach=[]
  207s EXPLORING | link=ONLINE age=2 | W ONLINE bat=71.8 LIVE (-0.4,0.2) hops=1 | E READY (-2.0,-2.0) F READY (-2.0,2.0) | mem=11 events=[(2, 1, 'STANDOFF'), (4, 1, 'STANDOFF/DEAD END'), (5, 4, 'STANDOFF/DEAD END'), (9, 2, 'STANDOFF/CORRIDOR'), (11, 3, 'STANDOFF')] unreach=[]
  209s EXPLORING | link=ONLINE age=2 | W RETURNING bat=71.8 LIVE (-0.4,0.2) hops=1 | E READY (-2.0,-2.0) F READY (-2.0,2.0) | mem=11 events=[(2, 1, 'STANDOFF'), (4, 1, 'STANDOFF/DEAD END'), (5, 4, 'STANDOFF/DEAD END'), (9, 2, 'STANDOFF/CORRIDOR'), (11, 3, 'STANDOFF')] unreach=[]
  211s EXPLORING | link=ONLINE age=2 | W RETURNING bat=71.7 LIVE (-0.2,0.1) hops=1 | E READY (-2.0,-2.0) F READY (-2.0,2.0) | mem=11 events=[(2, 1, 'STANDOFF'), (4, 1, 'STANDOFF/DEAD END'), (5, 4, 'STANDOFF/DEAD END'), (9, 2, 'STANDOFF/CORRIDOR'), (11, 3, 'STANDOFF')] unreach=[]
  213s MEMORY_PRESERVED | link=ONLINE age=2 | W HOME bat=71.6 LIVE (-0.2,0.1) hops=1 | E READY (-2.0,-2.0) F READY (-2.0,2.0) | mem=11 events=[(2, 1, 'STANDOFF'), (4, 1, 'STANDOFF/DEAD END'), (5, 4, 'STANDOFF/DEAD END'), (9, 2, 'STANDOFF/CORRIDOR'), (11, 3, 'STANDOFF')] unreach=[]
  215s MEMORY_PRESERVED | link=ONLINE age=2 | W HOME bat=71.6 LIVE (-0.2,0.1) hops=1 | E READY (-2.0,-2.0) F NAVIGATING (-2.0,1.9) | mem=11 events=[(2, 1, 'STANDOFF'), (4, 1, 'STANDOFF/DEAD END'), (5, 4, 'STANDOFF/DEAD END'), (9, 2, 'STANDOFF/CORRIDOR'), (11, 3, 'STANDOFF')] unreach=[]
  217s EXECUTING | link=ONLINE age=2 | W HOME bat=71.5 LIVE (-0.2,0.1) hops=1 | E NAVIGATING (-1.9,-2.0) F NAVIGATING (-1.5,1.8) | mem=11 events=[(2, 1, 'STANDOFF'), (4, 1, 'STANDOFF/DEAD END'), (5, 4, 'STANDOFF/DEAD END'), (9, 2, 'STANDOFF/CORRIDOR'), (11, 3, 'STANDOFF')] unreach=[]
  219s EXECUTING | link=ONLINE age=2 | W HOME bat=71.5 LIVE (-0.2,0.1) hops=1 | E NAVIGATING (-1.2,-2.1) F NAVIGATING (-0.8,1.6) | mem=11 events=[(2, 1, 'STANDOFF'), (4, 1, 'STANDOFF/DEAD END'), (5, 4, 'STANDOFF/DEAD END'), (9, 2, 'STANDOFF/CORRIDOR'), (11, 3, 'STANDOFF')] unreach=[]
  221s EXECUTING | link=ONLINE age=2 | W HOME bat=71.4 LIVE (-0.2,0.1) hops=1 | E NAVIGATING (-0.7,-2.1) F NAVIGATING (-0.4,1.4) | mem=11 events=[(2, 1, 'STANDOFF'), (4, 1, 'STANDOFF/DEAD END'), (5, 4, 'STANDOFF/DEAD END'), (9, 2, 'STANDOFF/CORRIDOR'), (11, 3, 'STANDOFF')] unreach=[]
  223s EXECUTING | link=ONLINE age=2 | W HOME bat=71.3 LIVE (-0.2,-0.0) hops=1 | E NAVIGATING (-0.2,-2.2) F NAVIGATING (0.0,1.0) | mem=11 events=[(2, 1, 'STANDOFF'), (4, 1, 'STANDOFF/DEAD END'), (5, 4, 'STANDOFF/DEAD END'), (9, 2, 'STANDOFF/CORRIDOR'), (11, 3, 'STANDOFF')] unreach=[]
  225s EXECUTING | link=ONLINE age=3 | W HOME bat=71.2 LIVE (-0.2,-0.2) hops=1 | E NAVIGATING (0.2,-2.2) F NAVIGATING (0.2,0.7) | mem=11 events=[(2, 1, 'STANDOFF'), (4, 1, 'STANDOFF/DEAD END'), (5, 4, 'STANDOFF/DEAD END'), (9, 2, 'STANDOFF/CORRIDOR'), (11, 3, 'STANDOFF')] unreach=[]
  227s EXECUTING | link=ONLINE age=2 | W HOME bat=71.1 LIVE (-0.2,-0.2) hops=1 | E NAVIGATING (1.0,-2.3) F NAVIGATING (0.6,0.0) | mem=11 events=[(2, 1, 'STANDOFF'), (4, 1, 'STANDOFF/DEAD END'), (5, 4, 'STANDOFF/DEAD END'), (9, 2, 'STANDOFF/CORRIDOR'), (11, 3, 'STANDOFF')] unreach=[]
  229s EXECUTING | link=ONLINE age=2 | W HOME bat=71.1 LIVE (-0.2,-0.2) hops=1 | E NAVIGATING (1.5,-2.4) F NAVIGATING (0.8,-0.5) | mem=11 events=[(2, 1, 'STANDOFF'), (4, 1, 'STANDOFF/DEAD END'), (5, 4, 'STANDOFF/DEAD END'), (9, 2, 'STANDOFF/CORRIDOR'), (11, 3, 'STANDOFF')] unreach=[]
  231s EXECUTING | link=ONLINE age=2 | W HOME bat=71.1 LIVE (-0.2,-0.2) hops=1 | E NAVIGATING (2.0,-2.5) F NAVIGATING (1.1,-1.0) | mem=11 events=[(2, 1, 'STANDOFF'), (4, 1, 'STANDOFF/DEAD END'), (5, 4, 'STANDOFF/DEAD END'), (9, 2, 'STANDOFF/CORRIDOR'), (11, 3, 'STANDOFF')] unreach=[]
  233s EXECUTING | link=ONLINE age=2 | W HOME bat=71.0 LIVE (-0.2,-0.2) hops=1 | E NAVIGATING (2.7,-2.7) F NAVIGATING (1.3,-1.6) | mem=11 events=[(2, 1, 'STANDOFF'), (4, 1, 'STANDOFF/DEAD END'), (5, 4, 'STANDOFF/DEAD END'), (9, 2, 'STANDOFF/CORRIDOR'), (11, 3, 'STANDOFF')] unreach=[]
  235s EXECUTING | link=ONLINE age=2 | W HOME bat=70.9 LIVE (-0.2,-0.2) hops=1 | E NAVIGATING (3.2,-2.8) F NAVIGATING (1.7,-2.0) | mem=11 events=[(2, 1, 'STANDOFF'), (4, 1, 'STANDOFF/DEAD END'), (5, 4, 'STANDOFF/DEAD END'), (9, 2, 'STANDOFF/CORRIDOR'), (11, 3, 'STANDOFF')] unreach=[]
  237s EXECUTING | link=ONLINE age=2 | W HOME bat=70.9 LIVE (-0.2,-0.2) hops=1 | E NAVIGATING (3.7,-3.0) F NAVIGATING (2.1,-2.3) | mem=11 events=[(2, 1, 'STANDOFF'), (4, 1, 'STANDOFF/DEAD END'), (5, 4, 'STANDOFF/DEAD END'), (9, 2, 'STANDOFF/CORRIDOR'), (11, 3, 'STANDOFF')] unreach=[]
  239s EXECUTING | link=ONLINE age=2 | W HOME bat=70.8 LIVE (-0.2,-0.2) hops=1 | E NAVIGATING (4.4,-3.2) F NAVIGATING (2.7,-2.6) | mem=11 events=[(2, 1, 'STANDOFF'), (4, 1, 'STANDOFF/DEAD END'), (5, 4, 'STANDOFF/DEAD END'), (9, 2, 'STANDOFF/CORRIDOR'), (11, 3, 'STANDOFF')] unreach=[]
  241s EXECUTING | link=ONLINE age=2 | W HOME bat=70.8 LIVE (-0.2,-0.2) hops=1 | E NAVIGATING (4.8,-3.4) F NAVIGATING (3.2,-2.8) | mem=11 events=[(2, 1, 'STANDOFF'), (4, 1, 'STANDOFF/DEAD END'), (5, 4, 'STANDOFF/DEAD END'), (9, 2, 'STANDOFF/CORRIDOR'), (11, 3, 'STANDOFF')] unreach=[]
  243s EXECUTING | link=ONLINE age=2 | W HOME bat=70.8 LIVE (-0.2,-0.2) hops=1 | E NAVIGATING (5.3,-3.6) F NAVIGATING (3.7,-2.9) | mem=11 events=[(2, 1, 'STANDOFF'), (4, 1, 'STANDOFF/DEAD END'), (5, 4, 'STANDOFF/DEAD END'), (9, 2, 'STANDOFF/CORRIDOR'), (11, 3, 'STANDOFF')] unreach=[]
  245s EXECUTING | link=ONLINE age=2 | W HOME bat=70.7 LIVE (-0.2,-0.2) hops=1 | E NAVIGATING (5.9,-3.7) F NAVIGATING (4.2,-3.1) | mem=11 events=[(2, 1, 'STANDOFF'), (4, 1, 'STANDOFF/DEAD END'), (5, 4, 'STANDOFF/DEAD END'), (9, 2, 'STANDOFF/CORRIDOR'), (11, 3, 'STANDOFF')] unreach=[]
  247s EXECUTING | link=ONLINE age=2 | W HOME bat=70.6 LIVE (-0.2,-0.2) hops=1 | E NAVIGATING (6.6,-3.6) F NAVIGATING (4.8,-3.4) | mem=11 events=[(2, 1, 'STANDOFF'), (4, 1, 'STANDOFF/DEAD END'), (5, 4, 'STANDOFF/DEAD END'), (9, 2, 'STANDOFF/CORRIDOR'), (11, 3, 'STANDOFF')] unreach=[]
  249s EXECUTING | link=ONLINE age=2 | W HOME bat=70.6 LIVE (-0.2,-0.2) hops=1 | E NAVIGATING (7.1,-3.5) F NAVIGATING (5.3,-3.6) | mem=11 events=[(2, 1, 'STANDOFF'), (4, 1, 'STANDOFF/DEAD END'), (5, 4, 'STANDOFF/DEAD END'), (9, 2, 'STANDOFF/CORRIDOR'), (11, 3, 'STANDOFF')] unreach=[]
  251s EXECUTING | link=ONLINE age=2 | W HOME bat=70.6 LIVE (-0.2,-0.2) hops=1 | E NAVIGATING (7.5,-3.3) F NAVIGATING (5.8,-3.7) | mem=11 events=[(2, 1, 'STANDOFF'), (4, 1, 'STANDOFF/DEAD END'), (5, 4, 'STANDOFF/DEAD END'), (9, 2, 'STANDOFF/CORRIDOR'), (11, 3, 'STANDOFF')] unreach=[]
  253s EXECUTING | link=ONLINE age=2 | W HOME bat=70.5 LIVE (-0.2,-0.2) hops=1 | E NAVIGATING (7.9,-3.4) F NAVIGATING (6.0,-3.7) | mem=11 events=[(2, 1, 'STANDOFF'), (4, 1, 'STANDOFF/DEAD END'), (5, 4, 'STANDOFF/DEAD END'), (9, 2, 'STANDOFF/CORRIDOR'), (11, 3, 'STANDOFF')] unreach=[]
  255s EXECUTING | link=ONLINE age=2 | W HOME bat=70.5 LIVE (-0.2,-0.2) hops=1 | E NAVIGATING (8.4,-3.6) F NAVIGATING (6.4,-3.7) | mem=11 events=[(2, 1, 'STANDOFF'), (4, 1, 'STANDOFF/DEAD END'), (5, 4, 'STANDOFF/DEAD END'), (9, 2, 'STANDOFF/CORRIDOR'), (11, 3, 'STANDOFF')] unreach=[]
  257s EXECUTING | link=ONLINE age=2 | W HOME bat=70.4 LIVE (-0.2,-0.2) hops=1 | E NAVIGATING (8.5,-3.6) F NAVIGATING (6.8,-3.6) | mem=11 events=[(2, 1, 'STANDOFF'), (4, 1, 'STANDOFF/DEAD END'), (5, 4, 'STANDOFF/DEAD END'), (9, 2, 'STANDOFF/CORRIDOR'), (11, 3, 'STANDOFF')] unreach=[]
  259s EXECUTING | link=ONLINE age=2 | W HOME bat=70.4 LIVE (-0.2,-0.2) hops=1 | E NAVIGATING (8.6,-3.4) F NAVIGATING (7.0,-3.6) | mem=11 events=[(2, 1, 'STANDOFF'), (4, 1, 'STANDOFF/DEAD END'), (5, 4, 'STANDOFF/DEAD END'), (9, 2, 'STANDOFF/CORRIDOR'), (11, 3, 'STANDOFF')] unreach=[]
  261s EXECUTING | link=ONLINE age=2 | W HOME bat=70.3 LIVE (-0.2,-0.2) hops=1 | E ASSISTING (8.9,-3.3) F NAVIGATING (7.3,-3.4) | mem=11 events=[(2, 1, 'STANDOFF'), (4, 1, 'STANDOFF/DEAD END'), (5, 4, 'STANDOFF/DEAD END'), (9, 2, 'STANDOFF/CORRIDOR'), (11, 3, 'STANDOFF')] unreach=[]
  263s EXECUTING | link=ONLINE age=2 | W HOME bat=70.3 LIVE (-0.2,-0.2) hops=1 | E ASSISTING (8.9,-3.3) F NAVIGATING (7.4,-3.4) | mem=11 events=[(2, 1, 'STANDOFF'), (4, 1, 'STANDOFF/DEAD END'), (5, 4, 'STANDOFF/DEAD END'), (9, 2, 'STANDOFF/CORRIDOR'), (11, 3, 'STANDOFF')] unreach=[]
  265s EXECUTING | link=ONLINE age=2 | W HOME bat=70.2 LIVE (-0.2,-0.2) hops=1 | E NAVIGATING (9.0,-3.3) F NAVIGATING (7.4,-3.4) | mem=11 events=[(2, 1, 'STANDOFF'), (4, 1, 'STANDOFF/RESOLVED/DEAD END'), (5, 4, 'STANDOFF/DEAD END'), (9, 2, 'STANDOFF/CORRIDOR'), (11, 3, 'STANDOFF')] unreach=[]
  267s EXECUTING | link=ONLINE age=2 | W HOME bat=70.2 LIVE (-0.2,-0.2) hops=1 | E NAVIGATING (9.2,-3.2) F NAVIGATING (7.6,-3.3) | mem=11 events=[(2, 1, 'STANDOFF'), (4, 1, 'STANDOFF/RESOLVED/DEAD END'), (5, 4, 'STANDOFF/DEAD END'), (9, 2, 'STANDOFF/CORRIDOR'), (11, 3, 'STANDOFF')] unreach=[]
  269s EXECUTING | link=ONLINE age=2 | W HOME bat=70.2 LIVE (-0.2,-0.2) hops=1 | E NAVIGATING (9.3,-3.2) F NAVIGATING (7.8,-3.3) | mem=11 events=[(2, 1, 'STANDOFF'), (4, 1, 'STANDOFF/RESOLVED/DEAD END'), (5, 4, 'STANDOFF/DEAD END'), (9, 2, 'STANDOFF/CORRIDOR'), (11, 3, 'STANDOFF')] unreach=[]
  271s EXECUTING | link=ONLINE age=2 | W HOME bat=70.1 LIVE (-0.2,-0.2) hops=1 | E NAVIGATING (9.5,-3.3) F NAVIGATING (8.0,-3.4) | mem=11 events=[(2, 1, 'STANDOFF'), (4, 1, 'STANDOFF/RESOLVED/DEAD END'), (5, 4, 'STANDOFF/DEAD END'), (9, 2, 'STANDOFF/CORRIDOR'), (11, 3, 'STANDOFF')] unreach=[]
  273s EXECUTING | link=ONLINE age=2 | W HOME bat=70.1 LIVE (-0.2,-0.2) hops=1 | E NAVIGATING (9.7,-3.3) F NAVIGATING (8.1,-3.4) | mem=11 events=[(2, 1, 'STANDOFF'), (4, 1, 'STANDOFF/RESOLVED/DEAD END'), (5, 4, 'STANDOFF/DEAD END'), (9, 2, 'STANDOFF/CORRIDOR'), (11, 3, 'STANDOFF')] unreach=[]
  275s EXECUTING | link=ONLINE age=2 | W HOME bat=70.0 LIVE (-0.2,-0.2) hops=1 | E NAVIGATING (9.9,-3.4) F NAVIGATING (8.2,-3.4) | mem=11 events=[(2, 1, 'STANDOFF'), (4, 1, 'STANDOFF/RESOLVED/DEAD END'), (5, 4, 'STANDOFF/DEAD END'), (9, 2, 'STANDOFF/CORRIDOR'), (11, 3, 'STANDOFF')] unreach=[]
  277s EXECUTING | link=ONLINE age=2 | W HOME bat=70.0 LIVE (-0.2,-0.2) hops=1 | E NAVIGATING (10.0,-3.5) F NAVIGATING (8.3,-3.4) | mem=11 events=[(2, 1, 'STANDOFF'), (4, 1, 'STANDOFF/RESOLVED/DEAD END'), (5, 4, 'STANDOFF/DEAD END'), (9, 2, 'STANDOFF/CORRIDOR'), (11, 3, 'STANDOFF')] unreach=[]
  279s EXECUTING | link=ONLINE age=2 | W HOME bat=69.9 LIVE (-0.2,-0.2) hops=1 | E NAVIGATING (9.7,-3.7) F NAVIGATING (8.4,-3.5) | mem=11 events=[(2, 1, 'STANDOFF'), (4, 1, 'STANDOFF/RESOLVED/DEAD END'), (5, 4, 'STANDOFF/DEAD END'), (9, 2, 'STANDOFF/CORRIDOR'), (11, 3, 'STANDOFF')] unreach=[]
  281s EXECUTING | link=ONLINE age=2 | W HOME bat=69.9 LIVE (-0.2,-0.2) hops=1 | E NAVIGATING (10.1,-4.0) F NAVIGATING (8.4,-3.6) | mem=11 events=[(2, 1, 'STANDOFF'), (4, 1, 'STANDOFF/RESOLVED/DEAD END'), (5, 4, 'STANDOFF/DEAD END'), (9, 2, 'STANDOFF/CORRIDOR'), (11, 3, 'STANDOFF')] unreach=[]
  283s EXECUTING | link=ONLINE age=2 | W HOME bat=69.8 LIVE (-0.2,-0.2) hops=1 | E NAVIGATING (10.1,-4.1) F NAVIGATING (8.6,-3.5) | mem=11 events=[(2, 1, 'STANDOFF'), (4, 1, 'STANDOFF/RESOLVED/DEAD END'), (5, 4, 'STANDOFF/DEAD END'), (9, 2, 'STANDOFF/CORRIDOR'), (11, 3, 'STANDOFF')] unreach=[]
  285s EXECUTING | link=ONLINE age=2 | W HOME bat=69.8 LIVE (-0.2,-0.2) hops=1 | E NAVIGATING (10.6,-4.0) F NAVIGATING (9.0,-3.5) | mem=11 events=[(2, 1, 'STANDOFF'), (4, 1, 'STANDOFF/RESOLVED/DEAD END'), (5, 4, 'STANDOFF/DEAD END'), (9, 2, 'STANDOFF/CORRIDOR'), (11, 3, 'STANDOFF')] unreach=[]
  287s EXECUTING | link=ONLINE age=2 | W HOME bat=69.7 LIVE (-0.2,-0.2) hops=1 | E NAVIGATING (10.8,-4.0) F NAVIGATING (9.5,-3.4) | mem=11 events=[(2, 1, 'STANDOFF'), (4, 1, 'STANDOFF/RESOLVED/DEAD END'), (5, 4, 'STANDOFF/DEAD END'), (9, 2, 'STANDOFF/CORRIDOR'), (11, 3, 'STANDOFF')] unreach=[]
  289s EXECUTING | link=ONLINE age=2 | W HOME bat=69.7 LIVE (-0.2,-0.2) hops=1 | E NAVIGATING (11.0,-4.0) F NAVIGATING (9.7,-3.2) | mem=11 events=[(2, 1, 'STANDOFF'), (4, 1, 'STANDOFF/RESOLVED/DEAD END'), (5, 4, 'STANDOFF/DEAD END'), (9, 2, 'STANDOFF/CORRIDOR'), (11, 3, 'STANDOFF')] unreach=[]
  291s EXECUTING | link=ONLINE age=2 | W HOME bat=69.6 LIVE (-0.2,-0.2) hops=1 | E NAVIGATING (11.0,-4.0) F EXTINGUISHING (9.8,-3.2) | mem=11 events=[(2, 1, 'STANDOFF'), (4, 1, 'STANDOFF/RESOLVED/DEAD END'), (5, 4, 'STANDOFF/DEAD END'), (9, 2, 'STANDOFF/CORRIDOR'), (11, 3, 'STANDOFF')] unreach=[]
  295s EXECUTING | link=ONLINE age=2 | W HOME bat=69.5 LIVE (-0.2,-0.2) hops=1 | E NAVIGATING (11.1,-3.7) F EXTINGUISHING (9.8,-3.2) | mem=11 events=[(2, 1, 'STANDOFF'), (4, 1, 'STANDOFF/RESOLVED/DEAD END'), (5, 4, 'STANDOFF/DEAD END'), (9, 2, 'STANDOFF/CORRIDOR'), (11, 3, 'STANDOFF')] unreach=[]
  297s EXECUTING | link=ONLINE age=2 | W HOME bat=69.5 LIVE (-0.2,-0.2) hops=1 | E NAVIGATING (11.2,-3.7) F MISSION_COMPLETE (9.7,-3.4) | mem=11 events=[(2, 1, 'STANDOFF'), (4, 1, 'STANDOFF/RESOLVED/DEAD END'), (5, 4, 'STANDOFF/RESOLVED/DEAD END'), (9, 2, 'STANDOFF/CORRIDOR'), (11, 3, 'STANDOFF')] unreach=[]
  299s EXECUTING | link=ONLINE age=2 | W HOME bat=69.4 LIVE (-0.2,-0.2) hops=1 | E NAVIGATING (11.0,-3.5) F MISSION_COMPLETE (9.2,-3.3) | mem=11 events=[(2, 1, 'STANDOFF'), (4, 1, 'STANDOFF/RESOLVED/DEAD END'), (5, 4, 'STANDOFF/RESOLVED/DEAD END'), (9, 2, 'STANDOFF/CORRIDOR'), (11, 3, 'STANDOFF')] unreach=[]
  301s EXECUTING | link=ONLINE age=2 | W HOME bat=69.4 LIVE (-0.2,-0.2) hops=1 | E NAVIGATING (10.5,-3.5) F MISSION_COMPLETE (8.9,-3.3) | mem=11 events=[(2, 1, 'STANDOFF'), (4, 1, 'STANDOFF/RESOLVED/DEAD END'), (5, 4, 'STANDOFF/RESOLVED/DEAD END'), (9, 2, 'STANDOFF/CORRIDOR'), (11, 3, 'STANDOFF')] unreach=[]
  303s EXECUTING | link=ONLINE age=2 | W HOME bat=69.3 LIVE (-0.2,-0.2) hops=1 | E NAVIGATING (10.0,-3.5) F MISSION_COMPLETE (8.3,-3.3) | mem=11 events=[(2, 1, 'STANDOFF'), (4, 1, 'STANDOFF/RESOLVED/DEAD END'), (5, 4, 'STANDOFF/RESOLVED/DEAD END'), (9, 2, 'STANDOFF/CORRIDOR'), (11, 3, 'STANDOFF')] unreach=[]
  305s EXECUTING | link=ONLINE age=2 | W HOME bat=69.3 LIVE (-0.2,-0.2) hops=1 | E NAVIGATING (9.4,-3.5) F MISSION_COMPLETE (7.8,-3.3) | mem=11 events=[(2, 1, 'STANDOFF'), (4, 1, 'STANDOFF/RESOLVED/DEAD END'), (5, 4, 'STANDOFF/RESOLVED/DEAD END'), (9, 2, 'STANDOFF/CORRIDOR'), (11, 3, 'STANDOFF')] unreach=[]
  307s EXECUTING | link=ONLINE age=2 | W HOME bat=69.2 LIVE (-0.2,-0.2) hops=1 | E NAVIGATING (8.8,-3.4) F MISSION_COMPLETE (7.1,-3.4) | mem=11 events=[(2, 1, 'STANDOFF'), (4, 1, 'STANDOFF/RESOLVED/DEAD END'), (5, 4, 'STANDOFF/RESOLVED/DEAD END'), (9, 2, 'STANDOFF/CORRIDOR'), (11, 3, 'STANDOFF')] unreach=[]
  309s EXECUTING | link=ONLINE age=2 | W HOME bat=69.2 LIVE (-0.2,-0.2) hops=1 | E NAVIGATING (8.3,-3.3) F MISSION_COMPLETE (6.6,-3.6) | mem=11 events=[(2, 1, 'STANDOFF'), (4, 1, 'STANDOFF/RESOLVED/DEAD END'), (5, 4, 'STANDOFF/RESOLVED/DEAD END'), (9, 2, 'STANDOFF/CORRIDOR'), (11, 3, 'STANDOFF')] unreach=[]
  311s EXECUTING | link=ONLINE age=2 | W HOME bat=69.1 LIVE (-0.2,-0.2) hops=1 | E NAVIGATING (7.8,-3.3) F MISSION_COMPLETE (6.1,-3.7) | mem=11 events=[(2, 1, 'STANDOFF'), (4, 1, 'STANDOFF/RESOLVED/DEAD END'), (5, 4, 'STANDOFF/RESOLVED/DEAD END'), (9, 2, 'STANDOFF/CORRIDOR'), (11, 3, 'STANDOFF')] unreach=[]
  313s EXECUTING | link=ONLINE age=2 | W HOME bat=69.1 LIVE (-0.2,-0.2) hops=1 | E ASSISTING (7.1,-3.5) F MISSION_COMPLETE (5.4,-3.6) | mem=11 events=[(2, 1, 'STANDOFF'), (4, 1, 'STANDOFF/RESOLVED/DEAD END'), (5, 4, 'STANDOFF/RESOLVED/DEAD END'), (9, 2, 'STANDOFF/CORRIDOR'), (11, 3, 'STANDOFF')] unreach=[]
  315s EXECUTING | link=ONLINE age=1 | W HOME bat=69.0 LIVE (-0.2,-0.2) hops=1 | E ASSISTING (7.1,-3.5) F MISSION_COMPLETE (4.6,-3.4) | mem=11 events=[(2, 1, 'STANDOFF'), (4, 1, 'STANDOFF/RESOLVED/DEAD END'), (5, 4, 'STANDOFF/RESOLVED/DEAD END'), (9, 2, 'STANDOFF/CORRIDOR'), (11, 3, 'STANDOFF')] unreach=[]
  317s COMPLETE | link=ONLINE age=1 | W HOME bat=69.0 LIVE (-0.2,-0.2) hops=1 | E MISSION_COMPLETE (7.1,-3.5) F MISSION_COMPLETE (4.1,-3.2) | mem=11 events=[(2, 1, 'STANDOFF/RESOLVED'), (4, 1, 'STANDOFF/RESOLVED/DEAD END'), (5, 4, 'STANDOFF/RESOLVED/DEAD END'), (9, 2, 'STANDOFF/CORRIDOR'), (11, 3, 'STANDOFF')] unreach=[]
MSG Mission complete: the fire robot put the fire out and the rescue robot reached and assisted 2 victims in priority order; each marked its beacon resolved. Extraction is outside Phase 1.
EXEC 11 inherited memories; B004 now advertises RESOLVED; B002 now advertises RESOLVED; 2 hazards kept out
MISSIONS {'executor': {'map_age_s': 2.0, 'map_included': True, 'mission_id': 1, 'objective': 'In priority order (B004, B002), reach and assist each victim using inherited memories.', 'robot_id': 'executor', 'seeded_memories': 11, 'status': 'MISSION COMPLETE', 'target_beacon_id': 4, 'target_beacon_ids': [4, 2], 'target_event': 'VICTIM @ B004 → VICTIM @ B002', 'target_type': 1}, 'firebot': {'map_age_s': 0.2, 'map_included': True, 'mission_id': 1, 'objective': 'In priority order (B005), reach and extinguish each fire using inherited memories.', 'robot_id': 'firebot', 'seeded_memories': 11, 'status': 'MISSION COMPLETE', 'target_beacon_id': 5, 'target_beacon_ids': [5], 'target_event': 'FIRE @ B005', 'target_type': 4}}
  T 20:37:50 Writer exploring until the mine is mapped, then returning home
  T 20:41:15 Writer finished exploring and is returning to the entrance
  T 20:41:19 Best case: Writer is home with the full map
  T 20:41:19 Decision: WHO = firebot (fire robot); WHAT = FIRE B005 (severity 5, 92%, aging). HOW is left to the robot.
  T 20:41:19 Decision: WHO = executor (rescue robot); WHAT = VICTIM B004 (severity 4, 90%, fresh) then VICTIM B002 (severity 3, 96%, fresh). HOW is left to the robot.
  T 20:41:19 Gas: no robot can neutralise it; every robot keeps it out of its route.
  T 20:41:19 Sent dispatch through the gateway uplink
  T 20:41:21 Mission brief, memory seed and map delivered to Executor
  T 20:41:21 Sent dispatch through the gateway uplink
  T 20:41:23 Mission brief, memory seed and map delivered to Executor
  T 20:41:23 Briefed the fire robot and rescue robot; each navigates with its own logic from inherited memories
  T 20:43:04 Mission complete: the fire robot put the fire out and the rescue robot reached and assisted 2 victims in priority order; each marked its beacon resolved. Extraction is outside Phase 1.
  B001 t=0 ENTRANCE               at (0.00,0.00) tgt=(None,None) prev=0 next=2 hops=1 {'bearing_deg': -30.1, 'compass': 'ESE', 'compass_deg': 102.0, 'range_m': 4.43, 'to': 'B002'}
  B002 t=1 STANDOFF/RESOLVED      at (3.83,-2.22) tgt=(5.99,-2.2) prev=1 next=3 hops=1 {'bearing_deg': 0.4, 'compass': 'ENE', 'compass_deg': 71.6, 'range_m': 2.16, 'to': 'victim'}
  B003 t=0 JUNCTION               at (6.27,-3.46) tgt=(None,None) prev=2 next=4 hops=1 {'bearing_deg': -5.6, 'compass': 'ENE', 'compass_deg': 77.6, 'range_m': 2.36, 'to': 'B004'}
  B004 t=1 STANDOFF/RESOLVED/DEAD END at (8.62,-3.69) tgt=(9.49,-1.8) prev=3 next=5 hops=1 {'bearing_deg': 65.3, 'compass': 'N', 'compass_deg': 6.7, 'range_m': 2.08, 'to': 'victim'}
  B005 t=4 STANDOFF/RESOLVED/DEAD END at (9.89,-3.20) tgt=(12.48,-3.9) prev=4 next=6 hops=1 {'bearing_deg': -15.0, 'compass': 'E', 'compass_deg': 87.0, 'range_m': 2.68, 'to': 'fire'}
  B006 t=0 JUNCTION               at (4.54,0.56) tgt=(None,None) prev=5 next=7 hops=2 {'bearing_deg': -4.7, 'compass': 'ENE', 'compass_deg': 76.7, 'range_m': 4.65, 'to': 'B007'}
  B007 t=0 JUNCTION               at (9.17,0.18) tgt=(None,None) prev=6 next=8 hops=2 {'bearing_deg': -0.0, 'compass': 'ENE', 'compass_deg': 72.0, 'range_m': 3.01, 'to': 'B008'}
  B008 t=0 JUNCTION               at (12.18,0.18) tgt=(None,None) prev=7 next=9 hops=2 {'bearing_deg': 8.7, 'compass': 'ENE', 'compass_deg': 63.3, 'range_m': 1.09, 'to': 'B009'}
  B009 t=2 STANDOFF/CORRIDOR      at (13.26,0.35) tgt=(14.49,3.1) prev=8 next=10 hops=2 {'bearing_deg': 65.9, 'compass': 'N', 'compass_deg': 6.1, 'range_m': 3.01, 'to': 'gas hazard'}
  B010 t=0 JUNCTION               at (15.48,-1.43) tgt=(None,None) prev=9 next=11 hops=2 {'bearing_deg': 18.6, 'compass': 'NE', 'compass_deg': 53.4, 'range_m': 3.0, 'to': 'B011'}
  B011 t=3 STANDOFF               at (18.33,-0.47) tgt=(18.49,1.0) prev=10 next=0 hops=2 {'bearing_deg': 83.9, 'compass': 'NNW', 'compass_deg': 348.1, 'range_m': 1.48, 'to': 'blocked path'}
